EN7523DRAMC V0.2
dram_type = 5, speed = 1866
Final Impdance Cal Result: OCDP:0x1b, OCDN:0x1e, ODTP:0xa, ODTN:0xa
DDR1866 PLL setting init
[Dramc] PCDDR3 AC Timing update
Fire MRW command...
ModeReg.2, value.0x20 done
Fire MRW command...
ModeReg.3, value.0x0 done
Fire MRW command...
ModeReg.1, value.0x6 done
Fire MRW command...
ModeReg.0, value.0x1114 done
Fire MRW command...
ModeReg.1, value.0x86 done
Fire MRW command...
ModeReg.1, value.0x6 done
Calculate size.
DRAM size=512MB


U-Boot 2014.04-rc1 (Feb 08 2025 - 06:11:22)

DRAM:  496 MiB
EN7562CT
Now running in RAM - U-Boot at: 9ee05000
spi_nand_probe: mfr_id=0x2c, dev_id=0x34
Using Flash ECC.
Detected SPI NAND Flash :  _SPI_NAND_DEVICE_ID_F50L4G41XB, Flash Size=0x20000000
bmt pool size: 163
BMT & BBT Init Success
In:    serial
Out:   serial
Err:   serial
CPU0: found redistributor 0 region 0:9ee3db08
Net:   ecnt_eth
               Uip activated
Not found TC Phy
Not found TC Phy
Not found TC Phy
Not found TC Phy
Hit any key to stop autoboot:  0
Prepare to boot image0
bootm flag=0, states=70f
## Loading kernel from FIT Image at 81800200 ...
   Using 'conf@1' configuration
   Trying 'kernel@1' kernel subimage
     Description:  ECONET Linux kernel
     Type:         Kernel Image
     Compression:  lzma compressed
     Data Start:   0x818022a4
     Data Size:    2816811 Bytes = 2.7 MiB
     Architecture: ARM
     OS:           Linux
     Load Address: 0x80088000
     Entry Point:  0x80088000
     Hash algo:    sha1
     Hash value:   6af9be80dcc59691c168f620054450d053bc73d4
## Loading fdt from FIT Image at 81800200 ...
   Using 'conf@1' configuration
   Trying 'fdt@1' fdt subimage
     Description:  ECONET Flattened Device Tree blob
     Type:         Flat Device Tree
     Compression:  uncompressed
     Data Start:   0x818002fc
     Data Size:    7913 Bytes = 7.7 KiB
     Architecture: ARM
     Hash algo:    sha1
     Hash value:   73fbebcf3dfc0e0007752bdeff8c7c0f35611f24
   Booting using the fdt blob at 0x818002fc
   Uncompressing Kernel Image ... OK
   Loading Device Tree to 9cdf8000, end 9cdfcee8 ... OK

Starting kernel ...

Booting Linux on physical CPU 0x0
Initializing cgroup subsys cpuset
Initializing cgroup subsys cpu
Initializing cgroup subsys cpuacct
Linux version 4.4.115 (compile@3afbd4ef4a54) (gcc version 4.9.3 (Buildroot 2015.08.1-gd814875) ) #1 SMP Sat Feb 8 06:13:55 UTC 2025
CPU: ARMv7 Processor [410fd034] revision 4 (ARMv7), cr=10c5383d
CPU: PIPT / VIPT nonaliasing data cache, VIPT aliasing instruction cache
Machine model: econet,en7523
bootconsole [uart0] enabled
Memory policy: Data cache writealloc
psci: probing for conduit method from DT.
psci: PSCIv1.1 detected in firmware.
psci: Using standard PSCI v0.2 function IDs
psci: MIGRATE_INFO_TYPE not supported.
[c05822b8]npu_pkt_buf_addr=9dcf1fc0:9dcf1fc0
npu_pkt_buffer memblock_alloc:9dcf1fc0,buf_size=1600000

PERCPU: Embedded 12 pages/cpu @ddcd7000 s18112 r8192 d22848 u49152
Built 1 zonelists in Zone order, mobility grouping on.  Total pages: 129472
Kernel command line: sdram_conf=0x00108893 vendor_name=ECONET Technologies Corp. product_name=xPON ONU ethaddr=<mac_addr_here> snmp_sysobjid=1.2.3.4.5 country_code=ff ether_gpio=0c power_gpio=1515 username=telecomadmin password=nE7jA%5m dsl_gpio=0b internet_gpio=02 multi_upgrade_gpio=0b020400000000000000000000000000 onu_type=2 qdma_init=33 root=/dev/mtdblock5 ro console=ttyS0,115200n8 earlycon bootflag=0 serdes_sel=0
PID hash table entries: 2048 (order: 1, 8192 bytes)
Dentry cache hash table entries: 65536 (order: 6, 262144 bytes)
Inode-cache hash table entries: 32768 (order: 5, 131072 bytes)
Memory: 478328K/523008K available (5245K kernel code, 178K rwdata, 1648K rodata, 256K init, 920K bss, 44680K reserved, 0K cma-reserved, 0K highmem)
Virtual kernel memory layout:
    vector  : 0xffff0000 - 0xffff1000   (   4 kB)
    fixmap  : 0xffc00000 - 0xfff00000   (3072 kB)
    vmalloc : 0xe0800000 - 0xff800000   ( 496 MB)
    lowmem  : 0xc0000000 - 0xe0000000   ( 512 MB)
    pkmap   : 0xbfe00000 - 0xc0000000   (   2 MB)
    modules : 0xbe800000 - 0xbfe00000   (  22 MB)
      .text : 0xc0088000 - 0xc0743910   (6895 kB)
      .init : 0xc0744000 - 0xc0784000   ( 256 kB)
      .data : 0xc0784000 - 0xc07b0a80   ( 179 kB)
       .bss : 0xc07b3000 - 0xc08992e8   ( 921 kB)
Hierarchical RCU implementation.
        Build-time adjustment of leaf fanout to 32.
NR_IRQS:64 nr_irqs:64 64
CPU0: found redistributor 0 region 0:0x09080000
Architected cp15 timer(s) running at 25.00MHz (virt).
clocksource: arch_sys_counter: mask: 0xffffffffffffff max_cycles: 0x5c40939b5, max_idle_ns: 440795202646 ns
sched_clock: 56 bits at 25MHz, resolution 40ns, wraps every 4398046511100ns
Switching to timer-based delay loop, resolution 40ns
console [ttyS0] enabled
console [ttyS0] enabled
bootconsole [uart0] disabled
bootconsole [uart0] disabled
Calibrating delay loop (skipped), value calculated using timer frequency.. 50.00 BogoMIPS (lpj=250000)
pid_max: default: 32768 minimum: 301
Security Framework initialized
Mount-cache hash table entries: 1024 (order: 0, 4096 bytes)
Mountpoint-cache hash table entries: 1024 (order: 0, 4096 bytes)
Initializing cgroup subsys io
Initializing cgroup subsys memory
Initializing cgroup subsys devices
Initializing cgroup subsys freezer
Initializing cgroup subsys pids
Initializing cgroup subsys debug
CPU: Testing write buffer coherency: ok
CPU0: thread -1, cpu 0, socket 0, mpidr 80000000
Setting up static identity map for 0x80088280 - 0x800882d8
CPU1: found redistributor 1 region 0:0x090a0000
CPU1: thread -1, cpu 1, socket 0, mpidr 80000001
Brought up 2 CPUs
SMP: Total of 2 processors activated (100.00 BogoMIPS).
CPU: All CPU(s) started in SVC mode.
devtmpfs: initialized
clocksource: jiffies: mask: 0xffffffff max_cycles: 0xffffffff, max_idle_ns: 19112604462750000 ns
futex hash table entries: 512 (order: 3, 32768 bytes)
NET: Registered protocol family 16
DMA: preallocated 256 KiB pool for atomic coherent allocations
hw-breakpoint: found 5 (+1 reserved) breakpoint and 4 watchpoint registers.
hw-breakpoint: maximum watchpoint size is 8 bytes.

l2c_sram_size:0x0
Initializing Ecnt Event Netlink Socket
Initializing Econet Event Netlink Socket nl_sk = dd586c00
ecnt-hsdma 1fa01800.dma-controller: Econet HSDMA driver registered
SCSI subsystem initialized
usbcore: registered new interface driver usbfs
usbcore: registered new interface driver hub
usbcore: registered new device driver usb
clocksource: Switched to clocksource arch_sys_counter
NET: Registered protocol family 2
TCP established hash table entries: 4096 (order: 2, 16384 bytes)
TCP bind hash table entries: 4096 (order: 3, 32768 bytes)
TCP: Hash tables configured (established 4096 bind 4096)
UDP hash table entries: 256 (order: 1, 8192 bytes)
UDP-Lite hash table entries: 256 (order: 1, 8192 bytes)
NET: Registered protocol family 1
hw perfevents: enabled with armv7_cortex_a15 PMU driver, 7 counters available
sgmii probe init start
sgmii:int_name: sgmii_pcie0
sgmii:int_id: 0
sgmii:int_register: inin!
sgmii:sgmii->pcs1_base= e087c100
sgmii:sgmii->pcs2_base= e087ea00
sgmii:sgmii->an_base=   e0944000
sgmii:sgmii->ra_base=   e0946600
sgmii:sgmii->phya_base=   e0948c00
sgmii:int_register: exit!
sgmii: int_init called
sgmii:cmd_wo:reg_t=e087ea20, val=0
sgmii: sync_int exit
sgmii probe init exit
sgmii probe init start
sgmii:int_name: sgmii_pcie1
sgmii:int_id: 1
sgmii:int_register: inin!
sgmii:sgmii->pcs1_base= e094a100
sgmii:sgmii->pcs2_base= e094ca00
sgmii:sgmii->an_base=   e094e000
sgmii:sgmii->ra_base=   e0950600
sgmii:sgmii->phya_base=   e0952c00
sgmii:int_register: exit!
sgmii: int_init called
sgmii:cmd_wo:reg_t=e094ca20, val=0
sgmii: sync_int exit
sgmii probe init exit
sgmii probe init start
sgmii:int_name: sgmii_usb0
sgmii:int_id: 2
sgmii:int_register: inin!
sgmii:sgmii->pcs1_base= e0954100
sgmii:sgmii->pcs2_base= e0956a00
sgmii:sgmii->an_base=   e0958000
sgmii:sgmii->ra_base=   e095a600
sgmii:sgmii->phya_base=   e095cc00
sgmii:int_register: exit!
sgmii: int_init called
sgmii:cmd_wo:reg_t=e0956a20, val=0
sgmii: sync_int exit
sgmii probe init exit
TC3162 hardware watchdog module loaded.
irq-0: 109 irq-1: 110 [i2c] ecnt_i2c_drv_probe
[crypto_k] res->name:/crypto_k@1fb70000
[crypto_k] res->start:0x1fb70000 ===
[crypto_k] res->end:0x1fb70803 ===
[crypto_k] ecnt_crypto_k->base:0xe09dc000
[trng] ecnt_trng_drv_probe
test_uc:e0826000 test_c:dd4c0000 cpu_top->base:e09e6800
[apb_timer] ecnt_timer_drv_probe
[timer] ecnt_timer->irq: 80
[timer] res->name:/apb_timer1@1fbf0100

i2c_slave init(ecnt_i2c_slave_drv_probe) done
[i2s] ecnt_i2s_drv_probe
7523 Thermal Sensor address probe done
squashfs: version 4.0 (2009/01/31) Phillip Lougher
exFAT: Version 1.2.9
jffs2: version 2.2. (NAND) © 2001-2006 Red Hat, Inc.
fuse init (API version 7.23)
io scheduler noop registered (default)
PCIe driver version: 7523.0.20210201
PCIe ref clk init.
===EN7523 PCIe init
mtk-pcie 1fa91000.pcie: pcie rc 0 linkup success
mtk-pcie 1fa91000.pcie: pcie rc 1 linkup success

===============PCIe check===tmp_reg=========81014c3===========
mtk-pcie 1fa91000.pcie: PCI host bridge to bus 0000:00
pci_bus 0000:00: root bus resource [??? 0x00000000 flags 0x0]
pci_bus 0000:00: root bus resource [mem 0x20000000-0x2fffffff]
pci_bus 0000:00: root bus resource [bus 00-ff]
PCI: bus0: Fast back to back transfers disabled
pci 0000:00:00.0: bridge configuration invalid ([bus 00-00]), reconfiguring
pci 0000:00:01.0: bridge configuration invalid ([bus 00-00]), reconfiguring
PCI: bus1: Fast back to back transfers disabled
PCI: bus2: Fast back to back transfers disabled
pci 0000:00:00.0: BAR 8: assigned [mem 0x20000000-0x201fffff]
pci 0000:00:01.0: BAR 8: assigned [mem 0x20200000-0x203fffff]
pci 0000:01:00.0: BAR 0: assigned [mem 0x20000000-0x200fffff 64bit pref]
pci 0000:01:00.0: BAR 2: assigned [mem 0x20100000-0x20107fff 64bit]
pci 0000:01:00.0: BAR 4: assigned [mem 0x20108000-0x20108fff 64bit pref]
pci 0000:00:00.0: PCI bridge to [bus 01]
pci 0000:00:00.0:   bridge window [mem 0x20000000-0x201fffff]
pci 0000:02:00.0: BAR 0: assigned [mem 0x20200000-0x202fffff 64bit pref]
pci 0000:02:00.0: BAR 2: assigned [mem 0x20300000-0x20307fff 64bit]
pci 0000:02:00.0: BAR 4: assigned [mem 0x20308000-0x20308fff 64bit pref]
pci 0000:00:01.0: PCI bridge to [bus 02]
pci 0000:00:01.0:   bridge window [mem 0x20200000-0x203fffff]

 mt7512_pcie_fixup: 0x1438 = 20000015
 mt7512_pcie_rc0_retrain: 80 = 0141dc12 80 = 01608c12
RC0 Link Traing Result: 10120008
===========RC0 set conf space INTx=============

 mt7512_pcie_fixup: 0x2438 = 20200015
 mt7512_pcie_rc1_retrain: 80 = 0141dc22 80 = 01608c12
RC1 Link Traing Result: 10120008
===========RC1 set conf space INTx=============
ttyS0 at I/O 0xbfbf0000 (irq = 95, base_baud = 7200) is a TC3162
ECNT ring buffer init success
brd: module loaded

SPI Flash Init Start
Found no SPI flash device
IS_SPIFLASH=0x0, IS_NANDFLASH=0x1, (0xBFA10114)=0x6)
Set SPI Clock to 50 Mhz
spi_nand_probe: mfr_id=0x2c, dev_id=0x34
Using Flash ECC.
Detected SPI NAND Flash :  _SPI_NAND_DEVICE_ID_F50L4G41XB, Flash Size=0x20000000
spi nand flash
tc3162: flash device 0x02000000 at 0x00000000
EN7512 mtd init: spi nand probe enter
[spi_nand_setup] : Enter
nand: device found, Manufacturer ID: 0x2c, Chip ID: 0x34
nand: Micron  _SPI_NAND_DEVICE_ID_F50L4G41XB
nand: 512 MiB, SLC, erase size: 256 KiB, page size: 4096, OOB size: 128
nand_scan_ident ok
[spi_nand_setup]: chip size =  0x20000000, erase_shift=0x12
bmt pool size: 163
BMT & BBT Init Success
Creating 12 MTD partitions on "EN7512-SPI_NAND":
0x000000000000-0x000012180000 : "whole"
0x000000000000-0x000000080000 : "boot"
0x000000080000-0x0000000c0000 : "romfile"
0x0000000c0000-0x0000004c0000 : "misc"
0x0000004c0000-0x000000cc0000 : "kernel"
0x000000cc0000-0x000002cc0000 : "rootfs"
0x0000004c0000-0x000002cc0000 : "firmware"
0x000002cc0000-0x0000034c0000 : "kernel_slave"
0x0000034c0000-0x0000054c0000 : "rootfs_slave"
0x000002cc0000-0x0000054c0000 : "firmware_slave"
0x000005940000-0x000005980000 : "reserve"
0x000006000000-0x000012800000 : "container"

rootfs
PPP generic driver version 2.4.5
PPP BSD Compression module registered
PPP MPPE Compression module registered
NET: Registered protocol family 24
PPTP driver version 0.8.5
USB driver version: 7523.3.20210202
port 0 u2_slew_rate_cal_7523
FM_OUT value = 113(0x00000071)
SR calibration value = 5
port 1 u2_slew_rate_cal_7523
FM_OUT value = 113(0x00000071)
SR calibration value = 5
xhci-hcd 1fab0000.xhci: xHCI Host Controller
xhci-hcd 1fab0000.xhci: new USB bus registered, assigned bus number 1
xhci-hcd 1fab0000.xhci: irq 111, io mem 0x1fab0000
hub 1-0:1.0: USB hub found
hub 1-0:1.0: 2 ports detected
xhci-hcd 1fab0000.xhci: xHCI Host Controller
xhci-hcd 1fab0000.xhci: new USB bus registered, assigned bus number 2
usb usb2: We don't know the algorithms for LPM for this host, disabling LPM.
hub 2-0:1.0: USB hub found
hub 2-0:1.0: 1 port detected
usbcore: registered new interface driver cdc_acm
cdc_acm: USB Abstract Control Model driver for USB modems and ISDN adapters
usbcore: registered new interface driver usbserial
usbcore: registered new interface driver usbserial_generic
usbserial: USB Serial support registered for generic
usbcore: registered new interface driver cypress_m8
usbserial: USB Serial support registered for DeLorme Earthmate USB
usbserial: USB Serial support registered for HID->COM RS232 Adapter
usbserial: USB Serial support registered for Nokia CA-42 V2 Adapter
usbcore: registered new interface driver ftdi_sio
usbserial: USB Serial support registered for FTDI USB Serial Device
GACT probability NOT on
Mirror/redirect action on
u32 classifier
    input device check on
    Actions configured
Netfilter messages via NETLINK v0.30.
nf_conntrack version 0.5.0 (7473 buckets, 29892 max)
ludewei add module
gre: GRE over IPv4 demultiplexor driver
IPv4 over IPsec tunneling driver
ip_tables: (C) 2000-2006 Netfilter Core Team
Initializing XFRM netlink socket
NET: Registered protocol family 10
ip6_tables: (C) 2000-2006 Netfilter Core Team
sit: IPv6 over IPv4 tunneling driver
NET: Registered protocol family 17
NET: Registered protocol family 15
bridge: automatic filtering via arp/ip/ip6tables has been deprecated. Update your scripts to load br_netfilter if you need this.
Ebtables v2.0 registered
l2tp_core: L2TP core driver, V2.0
l2tp_ppp: PPPoL2TP kernel driver, V2.0
8021q: 802.1Q VLAN Support v1.8
lib80211: common routines for IEEE802.11 drivers
Registering SWP/SWPB emulation handler
tc3162ser_startup
VFS: Mounted root (squashfs filesystem) readonly on device 31:5.
devtmpfs: mounted
Freeing unused kernel memory: 256K
busybox init and set aff
starting pid 458, tty '': '/etc/init.d/rcS'
mknod: dev/console: File exists
mknod: dev/random: File exists
mknod: dev/mtd0: File exists
mknod: dev/mtd1: File exists
mknod: dev/mtd2: File exists
mknod: dev/mtd3: File exists
mknod: dev/mtd4: File exists
mknod: dev/mtd5: File exists
mknod: dev/mtd6: File exists
mknod: dev/mtd7: File exists
mknod: dev/mtd8: File exists
mknod: dev/mtd9: File exists
mknod: dev/mtd10: File exists
mknod: dev/mtd11: File exists
mknod: dev/mtdblock0: File exists
mknod: dev/mtdblock1: File exists
mknod: dev/mtdblock2: File exists
mknod: dev/mtdblock3: File exists
mknod: dev/mtdblock4: File exists
mknod: dev/mtdblock5: File exists
mknod: dev/mtdblock6: File exists
mknod: dev/mtdblock7: File exists
mknod: dev/mtdblock8: File exists
mknod: dev/mtdblock9: File exists
mknod: dev/mtdblock10: File exists
mknod: dev/mtdblock11: File exists
mknod: dev/ubi_ctrl: File exists
mknod: dev/null: File exists
mknod: dev/ppp: File exists
mknod: dev/ptmx: File exists
mknod: dev/ptyp0: File exists
mknod: dev/ptyp1: File exists
mknod: dev/ptyp2: File exists
mknod: dev/tty: File exists
mknod: dev/ttyS0: File exists
mknod: dev/ttyp0: File exists
mknod: dev/ttyp1: File exists
mknod: dev/ttyp2: File exists
mknod: dev/urandom: File exists
mknod: dev/watchdog: File exists
mknod: dev/zero: File exists
mknod: dev/spi: File exists
mknod: dev/tdicmd: File exists
mknod: dev/qdma_wan: File exists
mknod: dev/qdma_lan: File exists
mknod: dev/hwnat0: File exists
mknod: dev/fe: File exists
mknod: dev/fuse: File exists
insmod: can't insert '/lib/modules/kmdir/kernel/drivers/scsi/scsi_mod.ko': No such file or directory
insmod: can't insert '/lib/modules/kmdir/kernel/drivers/scsi/sd_mod.ko': No such file or directory
insmod: can't insert '/lib/modules/kmdir/kernel/drivers/scsi/scsi_wait_scan.ko': No such file or directory
insmod: can't insert '/lib/modules/kmdir/kernel/drivers/usb/core/usbcore.ko': No such file or directory
usbcore: registered new interface driver usb-storage
insmod: can't insert '/lib/modules/kmdir/kernel/fs/fuse/fuse.ko': No such file or directory
insmod: can't insert '/lib/modules/kmdir/kernel/fs/nls/nls_utf8.ko': No such file or directory
insmod: can't insert '/lib/modules/kmdir/kernel/fs/nls/nls_cp936.ko': No such file or directory
tp_board: loading out-of-tree module taints kernel.
Register flash device: flash0
rcS (458): drop_caches: 3
module_sel: module license 'unspecified' taints kernel.
Disabling lock debugging due to kernel taint
ecnt_register_cpu_interrupts
TC3162 LED Manager 0.1 init

tcledctrl version: tcledctrl V1.1.0.0 (Feb  8 2025-06:17:17).
led path:/userfs/7529_62led.conf
tccicmd V1.1.0.0 (Jul 18 2024-16:54:08)
ERROR!Create /etc/fwTCver.conf fail!

SIFMaster 0.1 init
===== Interface 0 is ON =====

Register sifm cmd
(gdump_mode_sel): GDUMP sel has switch to 3
ECNT_HOOK_ERROR occur. ECNT_API_XPON_MODE_GET:215
Adapter_Interrupts_Init: Successfully hooked IRQ 92

Adapter_Interrupts_Init: call back registeredAdapter_EIP93_Init: CmdRing_Handle=dd523ffc
Adapter_EIP93_Init: ResRing_Handle=dd523ff8
Adapter: Successfully initialized EIP93v2 in ARM mode
PEC_Init: PRNG is initialized
ifc_set_action: cpu:1, nbq:1
ifc_set_action: cpu:1, nbq:1
ifc_set_action: cpu:1, nbq:2
ifc_set_action: cpu:1, nbq:1
ifc_set_action: cpu:1, nbq:1
ifc_set_action: cpu:1, nbq:1
ifc_set_action: cpu:1, nbq:1
ifc_set_action: cpu:1, nbq:2
ifc_set_action: cpu:1, nbq:2
ifc_set_action: cpu:1, nbq:1
ifc_set_action: cpu:1, nbq:1
ifc_set_action: cpu:1, nbq:1
ifc_set_action: cpu:1, nbq:1
ifc_set_action: cpu:1, nbq:1
ifc_set_action: cpu:1, nbq:1
ifc_set_action: cpu:1, nbq:1
ifc_set_action: cpu:1, nbq:1
ifc_set_action: cpu:1, nbq:1
ifc_set_action: cpu:1, nbq:1
ifc_set_action: cpu:1, nbq:1
ifc_set_action: cpu:1, nbq:7
ifc_set_action: cpu:1, nbq:8
macType = 0
flashQdmaInit = 0x33
netif_napi_add() called with weight 256 on device lan_int2_if
ether.c:v1.00-NAPI 29.Mar.2015
eth0: FE MAC Ethernet address: 20:23:xx:xx:xx:83
Use Internal switch ,type 10
tcPhyVerLookUp 2439 94A1
 7523 Ge,
, port_num = 0, ephy_addr = 9, ephy_addr_base = 0x9
 [tcPhyInit] in  [tcPhyInit] out , r31 = (9, 0x0)
  GE Rext AnaCal Done! (6)(0x26)
  GE Rext AnaCal Done! (6)(0x26)
  GE R45 AnaCal zcal_idx(before table) (dec: 43) (hex: 0x2b)
  GE R45 AnaCal Done! (cnt:11)(after table) ([7][6:0]:0x56) ([6:0]:0xd6)
  GE R45 AnaCal zcal_idx(before table) (dec: 41) (hex: 0x29)
  GE R45 AnaCal Done! (cnt:9)(after table) ([7][6:0]:0x5b) ([6:0]:0xdb)
  GE R45 AnaCal zcal_idx(before table) (dec: 41) (hex: 0x29)
  GE R45 AnaCal Done! (cnt:9)(after table) ([7][6:0]:0x5b) ([6:0]:0xdb)
  GE R45 AnaCal zcal_idx(before table) (dec: 41) (hex: 0x29)
  GE R45 AnaCal Done! (cnt:9)(after table) ([7][6:0]:0x5b) ([6:0]:0xdb)
 GE Tx offset AnaCal Done! (4)(0x23)
 GE Tx offset AnaCal Done! (3)(0x22)
 GE Tx offset AnaCal Done! (4)(0x23)
 GE Tx offset AnaCal Done! (2)(0x21)
 GE Tx amp AnaCal Done! (8) (0x28)
 GE Tx amp AnaCal Done! (9) (0x29)
 GE Tx amp AnaCal Done! (7) (0x27)
 GE Tx amp AnaCal Done! (12) (0x2c)
tcPhyVerLookUp 2439 94A1
 7523 Ge,
, port_num = 1, ephy_addr = 10, ephy_addr_base = 0x9
 [tcPhyInit] in  [tcPhyInit] out , r31 = (10, 0x0)
  GE R45 AnaCal zcal_idx(before table) (dec: 43) (hex: 0x2b)
  GE R45 AnaCal Done! (cnt:11)(after table) ([7][6:0]:0x56) ([6:0]:0xd6)
  GE R45 AnaCal zcal_idx(before table) (dec: 41) (hex: 0x29)
  GE R45 AnaCal Done! (cnt:9)(after table) ([7][6:0]:0x5b) ([6:0]:0xdb)
  GE R45 AnaCal zcal_idx(before table) (dec: 41) (hex: 0x29)
  GE R45 AnaCal Done! (cnt:9)(after table) ([7][6:0]:0x5b) ([6:0]:0xdb)
  GE R45 AnaCal zcal_idx(before table) (dec: 42) (hex: 0x2a)
  GE R45 AnaCal Done! (cnt:10)(after table) ([7][6:0]:0x58) ([6:0]:0xd8)
 GE Tx offset AnaCal Done! (7)(0x26)
 GE Tx offset AnaCal Done! (2)(0x21)
 GE Tx offset AnaCal Done! (4)(0x23)
 GE Tx offset AnaCal Done! (3)(0x22)
 GE Tx amp AnaCal Done! (4) (0x24)
 GE Tx amp AnaCal Done! (13) (0x2d)
 GE Tx amp AnaCal Done! (10) (0x2a)
 GE Tx amp AnaCal Done! (7) (0x27)
tcPhyVerLookUp 2439 94A1
 7523 Ge,
, port_num = 2, ephy_addr = 11, ephy_addr_base = 0x9
 [tcPhyInit] in  [tcPhyInit] out , r31 = (11, 0x0)
  GE R45 AnaCal zcal_idx(before table) (dec: 44) (hex: 0x2c)
  GE R45 AnaCal Done! (cnt:12)(after table) ([7][6:0]:0x53) ([6:0]:0xd3)
  GE R45 AnaCal zcal_idx(before table) (dec: 42) (hex: 0x2a)
  GE R45 AnaCal Done! (cnt:10)(after table) ([7][6:0]:0x58) ([6:0]:0xd8)
  GE R45 AnaCal zcal_idx(before table) (dec: 42) (hex: 0x2a)
  GE R45 AnaCal Done! (cnt:10)(after table) ([7][6:0]:0x58) ([6:0]:0xd8)
  GE R45 AnaCal zcal_idx(before table) (dec: 42) (hex: 0x2a)
  GE R45 AnaCal Done! (cnt:10)(after table) ([7][6:0]:0x58) ([6:0]:0xd8)
 GE Tx offset AnaCal Done! (6)(0x25)
 GE Tx offset AnaCal Done! (4)(0x23)
 GE Tx offset AnaCal Done! (6)(0x25)
 GE Tx offset AnaCal Done! (4)(0x23)
 GE Tx amp AnaCal Done! (5) (0x25)
 GE Tx amp AnaCal Done! (7) (0x27)
 GE Tx amp AnaCal Done! (10) (0x2a)
 GE Tx amp AnaCal Done! (18) (0x32)
tcPhyVerLookUp 2439 94A1
 7523 Ge,
, port_num = 3, ephy_addr = 12, ephy_addr_base = 0x9
 [tcPhyInit] in  [tcPhyInit] out , r31 = (12, 0x0)
  GE R45 AnaCal zcal_idx(before table) (dec: 44) (hex: 0x2c)
  GE R45 AnaCal Done! (cnt:12)(after table) ([7][6:0]:0x53) ([6:0]:0xd3)
  GE R45 AnaCal zcal_idx(before table) (dec: 42) (hex: 0x2a)
  GE R45 AnaCal Done! (cnt:10)(after table) ([7][6:0]:0x58) ([6:0]:0xd8)
  GE R45 AnaCal zcal_idx(before table) (dec: 42) (hex: 0x2a)
  GE R45 AnaCal Done! (cnt:10)(after table) ([7][6:0]:0x58) ([6:0]:0xd8)
  GE R45 AnaCal zcal_idx(before table) (dec: 42) (hex: 0x2a)
  GE R45 AnaCal Done! (cnt:10)(after table) ([7][6:0]:0x58) ([6:0]:0xd8)
 GE Tx offset AnaCal Done! (7)(0x26)
 GE Tx offset AnaCal Done! (1)(0x1)
 GE Tx offset AnaCal Done! (4)(0x23)
 GE Tx offset AnaCal Done! (5)(0x24)
 GE Tx amp AnaCal Done! (6) (0x26)
 GE Tx amp AnaCal Done! (5) (0x25)
 GE Tx amp AnaCal Done! (6) (0x26)
 GE Tx amp AnaCal Done! (10) (0x2a)
Exec. Successful
eth0: starting interface.
netif_start_queue
macType = 0
flashQdmaInit = 0x33
fe resource init start
16 acnt1 id has been used, there is no left
16 acnt1 id has been used, there is no left
16 acnt1 id has been used, there is no left
16 acnt1 id has been used, there is no left
16 acnt1 id has been used, there is no left
16 acnt1 id has been used, there is no left
16 acnt1 id has been used, there is no left
16 acnt1 id has been used, there is no left
16 acnt1 id has been used, there is no left
16 acnt1 id has been used, there is no left
16 acnt1 id has been used, there is no left
16 acnt1 id has been used, there is no left
16 acnt1 id has been used, there is no left
16 acnt1 id has been used, there is no left
16 acnt1 id has been used, there is no left
16 acnt1 id has been used, there is no left
Ralink HW NAT Module Enabled
you need to modify struct FoeEntryExtKernel in ecnt_forward_left_to_right.h                     when you modifyied struct FoeEntryExt!SRAM_FOE_NUM=7, means PPE_FOE_NUM=512
HWNAT Module enabled with Type:L2B/IPv4/IPv6/DS-LITE/6RD, foeSize:64B, sram_foeNum:512, dram_foeNum:16384
IP check use Black List
EN7523 PPE SRAM HW default setting is 512 at 64byte, no need to set by sw
[c0582268]isForceToCpu=0:0
ether_wan_use_qdma_wan wan_port 1 set_wan_mode 1
ether_wan_use_qdma_wan_set wan_port 0 set_wan_mode 1
reg addr  is bfb5174c reg addr  is bfb5174c reg addr  is bfb51748 reg_val1ddf7651
reg addr  is bfb51740 reg addr  is bfb51740 reg addr  is bfb51740 reg addr  is bfb51740 reg addr  is bfb51740 reg addr  is bfb51740 reg addr  is bfb51744 reg addr  is bfb51744 reg addr  is bfb51744 reg addr  is bfb51744 reg addr  is bfb51744 reg addr  is bfb51744 reg addr  is bfb51748 reg addr  is bfb51748 reg addr  is bfb51748 reg addr  is bfb51748
copy NPU binary:/userfs/npu_rv32.bin(61320 Bytes) to 0xe0f00000
copy NPU binary:/userfs/npu_data.bin(728 Bytes) to 0xe0b80000
[C0]core freq at 333000000 Hz
[C0]timer_init: Timer clk is running at 125 Mhz
[C0]wcid_counter_init:0
[C0]wcid_counter_init:1
[C0][NPU] ba_node_init...
[C0]baNode_array_init
[C0]counter_init:2
[C0][NPU] queue_mutex_init...
[C0]qdma_init
[C1]core1_main
[C2]timer_isr  Store Value 1e903000, val[C2]core2_main
[C3]core3_main
[C3]do npu_enq_deq_init
[c0582244]npu_pkt_buf_addr=9dcf1fc0
npu_wifi_offload_get_pkt_buf_addr=9dcf1fc0
[c0582244]npu_pkt_buf_addr=9dcf1fc0
[C0]wifi_mail_data->wifi_mail_private.npuPktBufAddr=9dcf1fc0, 9dcf1fc0
npu_wifi_offload_get_force_to_cpu_flag=0
isForceToCpu=0
[C0](core0_main) just return, because QDMA driver fmt_whnats notnown y
                                                                      mbol glb_var_wed_ring (err 0)
mt_whnat: Unknown symbol hc_get_chip_ops (err 0)
mt_whnat: Unknown symbol mt_wlan_hook_unregister (err 0)
mt_whnat: Unknown symbol glb_var_wdma_ring (err 0)
mt_whnat: Unknown symbol mt_wlan_hook_register (err 0)
mt_whnat: Unknown symbol hc_get_hif_ctrl (err 0)
mt_whnat: Unknown symbol glb_var_whnat_fbuf (err 0)
mt_whnat: Unknown symbol wlan_operate_get_frag_thld (err 0)
mt_whnat: Unknown symbol hc_get_chip_tx_token_nums (err 0)
mt_whnat: Unknown symbol hc_get_chip_sw_tx_token_nums (err 0)
insmod: can't insert '/lib/modules/mt_whnat.ko': unknown symbol in module, or unknown parameter
tso_lan: tso_v2.c [201]: dscpDmaAddr =9a1d0000
tso_lan: tso_v2.c [263]: diPtr->dscpIdx = 0
tso_lan: tso_v2.c [263]: diPtr->dscpIdx = 0
tso_proc_init.
val_string:add v4 - 445 - -

dport:0, sport:445, daddr:0, saddr:0
PPTP VPN offload module init
L2TP VPN offload module init
device eth0 entered promiscuous mode
device eth0.1 is not a slave of br0
device eth0.2 is not a slave of br0
device eth0.3 is not a slave of br0
device eth0.4 is not a slave of br0
device eth0 is already a member of a bridge; can't enslave it to bridge br0.
device eth0 left promiscuous mode
br0: port 1(eth0) entered disabled state
IPv6: ADDRCONF(NETDEV_UP): eth0.1: link is not ready
device eth0.1 entered promiscuous mode
IPv6: ADDRCONF(NETDEV_UP): eth0.2: link is not ready
device eth0.2 entered promiscuous mode
IPv6: ADDRCONF(NETDEV_UP): eth0.3: link is not ready
device eth0.3 entered promiscuous mode
device eth0.4 is not a slave of br0
ifconfig: ioctl 0x8913 failed: No such device
interface eth0.5 does not exist!
insmod: can't insert '/lib/modules/igmpsnoop.ko': No such file or directory
insmod: can't insert '/lib/modules/mldsnooping.ko': No such file or directory
lro_module_init
lro_module_init
ifconfig: SIOCSIFMTU: No such device
/etc/init.d/rcS: /etc/init.d/rcS.econet: line 158: can't create /proc/tc3162/vlan_tag_dbg: nonexistent directory
insmod: can't insert '/lib/modules/dying_gasp.ko': No such file or directory
offset of skb->data:1E8 skb->mark:88 skb->dev:14 skb->ppe_magic:10e skb->users:1f0
size of skb struct 1F8
offset of net_device->flags:138
size of net_device struct 500
MTK DSP port
rcS (458): drop_caches: 3
set pptp_offload proto value 1
rcS.sdk init done!
creat_domain_proc  ok
tp_domain init ok
TP_DHCP_HOOK Module init
device recognition register success
packet statistics module loaded
status:
DSPCore[Ver:TVB1.0.23.800-4-P102-1]
[1] PCM V2.4 (Jan 22 2024 00:42:44)
bind irq-113 to CPU1
PCM_INT=28
pcm[Ver:TVB1.0.23.800-4-P102-1]
lec[Ver:TVB1.0.23.800-4-P102-1]
SYS_HCLK=250
Major Num:233, device: spi
spi[Ver:TVB1.0.23.800-4-P102-1]
========fxs3 init start========
========fxs3 init complete========
[12.069][cos] 408 - ERROR: before cpu mask 00000003
[12.070][cos] 423 - ERROR: after cpu mask 00000001
.
init mod-slic3
slic3[Ver:TVB1.0.23.800-1]
mode=
ISI
init mod-ksocket
ksocket[Ver:TVB1.0.23.800-1]
ortp[Ver:TVB1.0.23.800-4-P102-1]
init mod-acodec
acodec[Ver:TVB1.0.23.800-4-P102-1]
init mod-foip3
foip3[Ver:TVB1.0.23.800-4-P102-1]

Silabs SLIC type selected by SW makefile compile option

[4294938592][slic][INFO][gpio_clocksrc_init:L2399]ISI
[4294938593][spi][INFO][SPI_Reset:L473]
 SPI_Reset 2

slic deviceVerify ProSLIC_Version 9.1.0

Silabs SLIC Reset
REG_0  = 0xaa ,device[0], Part_num 0x5, Revision 0x2
device[0]:deviceVerify Success!

SPI Reset times:1
pcm1 ch num:1 pcm2 ch num:0
fxs[Ver:TVB1.0.23.800-4-P102-1]
[fxs_init_action](1344)noinit=0
pcm1 ch num:1 pcm2 ch num:0
Init fxsNum(1) + fxoNum(0) = slic_ch_num(1) , deviceNum(1)
deviceInit on DeviceId = 0
ProSLIC_createControlInterface = 0
ProSLIC_createDevice = 0
get_start_chanid=0
ProSLIC_createChannel = 0
ProSLIC_SWInitChan = 0
device [0] chanPvt[0].chanType 1
device [0] chanPvt[0].chipType 6
Si3218x_Init_with_Options(640) size = 1 init_opt = 0
SiVoice: Channel 0: Type = PROSLIC Rev = 2
ProSLIC:loading patch: 06302015
.
Si3218x: Channel 0 : VBAT Up = 59.322 v
ProSLIC:Starting LB Cal on channel 0
.init mod-vdsp for 1 channels 2 sessions
vdsp[Ver:TVB1.0.23.800-4-P102-1]

===============================
|| MTK DSP init successfully ||
===============================

pid 2's current affinity mask: 3
pid 904's current affinity mask: 1
___ COUNTRY SETTING ___
ring_idx : 0
 imp_idx : 0

ProSLIC:PCMStart
slic_set_gainLv - fffffffa / 0
pid 904's new affinity mask: 2
fxsSetLine[0]state 0x9 State UNKNOWN !
pid 2's current affinity mask: 3
pid 2's current affinity mask: 3
pid 2's current affinity mask: 3
pid 1052'sDump SLIC[0] register:
=================================
     00 01 02 03 04 05 06 07 08 09
=================================
c00: aa 00 00 1f 00 40 00u a2 e5 ff
10: 25 13 00 00 00 20 00 00 00 00
20: 00 00 00 02 00 00 00 00 00 00
30: 11 00 00 10 00 00 00 02 00 40
rr40: 1f 00 7d 00 00 59 04 10 66 00
50: 00 00 00 00 00 00 00 00 ff 00
60: 00 00 e4 00 00 00 00 00 f0 00
70: 00 00e 00 00 00 00 02 00 00 00
80: 3f 01 b7 03 af 05 0e 0f ed 10
90: 40 07 9f 06 c1 11 24 05 80 05
100: 00 01 00 00n 00 00 00 00 00 00
110: 00 00 47 01 16 00 02 ff 38 00
120: 87 05 87 05 00 20 03 00
=================================
t affwrite address(47) value : 0x8
inity mask: 1
pid 1052's new affinity mask: 2
rcS (458): drop_caches: 3
rcS init done!

Please press Enter to activate this console. sleep 90s!
[17.458][cmm] 2219 - ERROR: can not open xml file /var/tmp/pc/reduced_data_model.xml!, about to open file /etc/reduced_data_model.xml
ubi1: attaching mtd11
[18.570][cmm] 5030 - ERROR: Read config index:141

[18.820][cmm] 1038 - ERROR: X_TP_ConfigVersion 5a000003, X_TP_DMVersion 5a000003
[19.333][cmm] 580: num of CPU core = 2.
[19.333][cmm] 590: parent pid 889
[19.453][cmm] 597: start creating dropbear RSA key at CPU core 1.
[19.454][cmm] 607: child pre cpu mask 00000001
[19.454][cmm] 621: child post cpu mask 00000002
[19.455][cmm] 625: Try create dropbear RSA key loop=0 ...
ubi1: scanning is finished
ubi1: attached mtd11 (name "container", size 200 MiB)
ubi1: PEB size: 262144 bytes (256 KiB), LEB size: 253952 bytes
ubi1: min./max. I/O unit sizes: 4096/4096, sub-page size 4096
ubi1: VID header offset: 4096 (aligned 4096), data offset: 8192
ubi1: good PEBs: 800, bad PEBs: 0, corrupted PEBs: 0
ubi1: user volume: 2, internal volumes: 1, max. volumes count: 128
ubi1: max/mean erase counter: 2/1, WL threshold: 4096, image sequence number: 1633529266
ubi1: available PEBs: 248, total reserved PEBs: 552, PEBs reserved for bad PEB handling: 35
ubi1: background thread "ubi_bgt1d" started, PID 1185
random: dropbearkey: uninitialized urandom read (32 bytes read, 83 bits of entropy available)
Gerandom: dropbearkey: uninitialized urandom read (32 bytes read, 83 bits of entropy available)
nerating 2048 bit rsa key, this may take a while...
insmod: can't insert '/lib/modules/hw_nat.ko': File exists
*reg=00002104 value:00ff0000
*reg=00002204 value:00ff0000
*reg=00002304 value:00ff0000
*reg=00002404 value:00ff0000
UBIFS (ubi1:0): background thread "ubifs_bgt1_0" started, PID 1253
UBIFS (ubi1:0): recovery needed
[20.783][cmm] 2694 - ERROR: Open TZ file error!
UBIFS (ubi1:0): recovery completed
UBIFS (ubi1:0): UBIFS: mounted UBI device 1, volume 0, name "app_EE_wifispot"
UBIFS (ubi1:0): LEB size: 253952 bytes (248 KiB), min./max. I/O unit sizes: 4096 bytes/4096 bytes
UBIFS (ubi1:0): FS size: 102342656 bytes (97 MiB, 403 LEBs), journal size 9404416 bytes (8 MiB, 38 LEBs)
UBIFS (ubi1:0): reserved for root: 0 bytes (0 KiB)
UBIFS (ubi1:0): media format: w4/r0 (latest is w4/r0), UUID 3F8829AD-A768-4E51-812B-623445A1A9DD, small LPT model
[21.445][cmgr] 743 - WARN: File[/var/tmp/container/app_EE_wifispot/EE_wifispot_cfg_log_ramSize] must exist anyway
UBIFS (ubi1:1): background thread "ubifs_bgt1_1" started, PID 1333
killall: dnsmasq: no process killed
[21.598][cmm] 156 - WARN: Empty DNSServer()
UBIFS (ubi1:1): recovery needed
random: dnsmasq: uninitialized urandom read (128 bytes read, 95 bits of entropy available)
UBIFS (ubi1:1): recovery completed
UBIFS (ubi1:1): UBIFS: mounted UBI device 1, volume 1, name "cfg_EE_wifispot"
UBIFS (ubi1:1): LEB size: 253952 bytes (248 KiB), min./max. I/O unit sizes: 4096 bytes/4096 bytes
UBIFS (ubi1:1): FS size: 22855680 bytes (21 MiB, 90 LEBs), journal
                                                                  PrintSrCmd:
u1CmdSubId = 1, u1ArgNum = 0, u1DbdcIdx = 0, u1Status = 0
u1DropTaIdx = 0, u1StaIdx = 0, u4Value = 1
PrintSrCmd:
u1CmdSubId = 5, u1ArgNum = 0, u1DbdcIdx = 0, u1Status = 0
u1DropTaIdx = 0, u1StaIdx = 0, u4Value = 0
PrintSrCmd:
u1CmdSubId = 3, u1ArgNum = 0, u1DbdcIdx = 0, u1Status = 0
u1DropTaIdx = 0, u1StaIdx = 0, u4Value = 1
PrintSrCmd:
u1CmdSubId = 23, u1ArgNum = 0, u1DbdcIdx = 0, u1Status = 0
u1DropTaIdx = 0, u1StaIdx = 0, u4Value = 0
PrintSrCmd:
u1CmdSubId = 31, u1ArgNum = 0, u1DbdcIdx = 0, u1Status = 0
u1DropTaIdx = 0, u1StaIdx = 0, u4Value = 0
PrintSrCmd:
u1CmdSubId = 33, u1ArgNum = 0, u1DbdcIdx = 0, u1Status = 0
u1DropTaIdx = 0, u1StaIdx = 0, u4Value = 0
WiFi@C12L1,wifi_sys_open() 896: wifi_sys_open():band0 group_idx[5]=10, bw_grp=16 omac=18
mt7915 mtk_band_steering_netlink_init 243 band steering netlink init ok
WiFi@C03L1,MtCmdSetMacTxRx() 10273: (ret = 0)
WiFi@C03L1,MtCmdSetMacTxRx() 10273: (ret = 0)
WiFi@C00L1,ApAutoChannelAtBootUp() 514: not A band
WiFi@C08L1,ap_run_at_boot() 640:  ACS is disable !!
PrintSrCmd:
u1CmdSubId = 1, u1ArgNum = 0, u1DbdcIdx = 0, u1Status = 0
u1DropTaIdx = 0, u1StaIdx = 0, u4Value = 1
PrintSrCmd:
u1CmdSubId = 5, u1ArgNum = 0, u1DbdcIdx = 0, u1Status = 0
u1DropTaIdx = 0, u1StaIdx = 0, u4Value = 0
PrintSrCmd:
u1CmdSubId = 3, u1ArgNum = 0, u1DbdcIdx = 0, u1Status = 0
u1DropTaIdx = 0, u1StaIdx = 0, u4Value = 1
PrintSrCmd:
u1CmdSubId = 23, u1ArgNum = 0, u1DbdcIdx = 0, u1Status = 0
u1DropTaIdx = 0, u1StaIdx = 0, u4Value = 0
PrintSrCmd:
u1CmdSubId = 31, u1ArgNum = 0, u1DbdcIdx = 0, u1Status = 0
u1DropTaIdx = 0, u1StaIdx = 0, u4Value = 0
PrintSrCmd:
u1CmdSubId = 33, u1ArgNum = 0, u1DbdcIdx = 0, u1Status = 0
u1DropTaIdx = 0, u1StaIdx = 0, u4Value = 0
[30.201][cmm] 8627 - ERROR: !!!!!DFS disanble

Set_Map_Proc current MAP MODE is 3
Set_MapR2_Proc: MAP R2 is enabled
Set_Bh_Bss_Proc ra0 bandIdx = 0 ,DevOwnRole 0x20
Set_Fh_Bss_Proc ra0 wdev->MAPCfg.DevOwnRole 0x20
Set_Fh_Bss_Proc ra4 wdev->MAPCfg.DevOwnRole 0x0
Set_Bh_Bss_Proc ra4 bandIdx = 0 ,DevOwnRole 0x44
Set_Fh_Bss_Proc ra5 wdev->MAPCfg.DevOwnRole 0x0
Set_Bh_Bss_Proc ra5 bandIdx = 0 ,DevOwnRole 0x48
Set_Fh_Bss_Proc ra6 wdev->MAPCfg.DevOwnRole 0x0
Set_Bh_Sta_Proc apcli0 wdev->MAPCfg.DevOwnRole 0x80
[30.381][cmm] 220 - ERROR: Get map shared buffer error.
[30.382][cmm] 1628 - ERROR: Failed to attach map shared memory buffer.

[30.382][cmm] 13525 - ERROR: There are no APDevices saved in map shared memory.
[30.382][cmm] 15883 - ERROR: Can not find Controller
7906@C23L1,DfsBuildChannelList() 3426: [RDM]: wdev is not 5G.
WiFi@C02L1,hc_radio_res_request() 1386: wdev=1, hobj is not ready!
WiFi@C02L1,hc_radio_res_request() 1386: wdev=2, hobj is not ready!
WiFi@C02L1,hc_radio_res_request() 1386: wdev=3, hobj is not ready!
WiFi@C02L1,hc_radio_res_request() 1386: wdev=6, hobj is not ready!
WiFi@C02L1,hc_radio_res_request() 1386: wdev=14, hobj is not ready!
7906@C12L1,Set_VhtBw_Proc() 9719: (error Channel = 1)
Interface doesn't accept private ioctl...
set (8BE2): Invalid argument
set_vow_airtime_fairness_en: set 1.
set_vow_dwrr_max_wait_time: set 64.
SetPercentageCtrl: ucBandIdx = 0
SetPercentageCtrl: TxPowerPercentEn = 1
SetPowerDropCtrl: ucPowerDrop = 100
sync for : ra0
sync for : ra4
sync for : ra5
Set_FragThreshold_Proc::set wdev0 FragThreshold=2346)
set target_gi(0)
[30.591][cmm] 8627 - ERROR: !!!!!DFS disanble

[30.610][cmm] 8627 - ERROR: !!!!!DFS disanble

[30.611][cmm] 8627 - ERROR: !!!!!DFS disanble

[30.652][cmm] 8627 - ERROR: !!!!!DFS disanble

MtCmdSetMuruCfgDlUlVal: u1BandBssSelect:1 u1Index:0 ParamUpdList:1 ParamUpdVal:1
MtCmdSetMuruCfgDlUlVal: u1BandBssSelect:1 u1Index:0 ParamUpdList:2 ParamUpdVal:2
set_bsscolor_proc(): old_bsscolor(255) -> new_bsscolor(255)
set_bsscolor_proc(): old_bsscolor and new_bsscolor are the same not need set
Set_RTSThreshold_Proc: set wdev0 rts length threshold=2347(0x92b)
[30.755][cmm] 8627 - ERROR: !!!!!DFS disanble

[30.756][cmm] 8627 - ERROR: !!!!!DFS disanble

[30.797][cmm] 8627 - ERROR: !!!!!DFS disanble

[30.808][cmm] 8627 - ERROR: !!!!!DFS disanble

[30.809][cmm] 8627 - ERROR: !!!!!DFS disanble

[30.851][cmm] 8627 - ERROR: !!!!!DFS disanble

[30.862][cmm] 8627 - ERROR: !!!!!DFS disanble

[30.863][cmm] 8627 - ERROR: !!!!!DFS disanble

[30.904][cmm] 8627 - ERROR: !!!!!DFS disanble

[30.915][cmm] 8627 - ERROR: !!!!!DFS disanble

[30.916][cmm] 8627 - ERROR: !!!!!DFS disanble

[30.957][cmm] 8627 - ERROR: !!!!!DFS disanble

Set_RTSThreshold_Proc: set wdev4 rts length threshold=2347(0x92b)
Set_Fh_Bss_Proc ra4 wdev->MAPCfg.DevOwnRole 0x44
Set_Bh_Bss_Proc ra4 bandIdx = 0 ,DevOwnRole 0x44
[31.015][cmm] 8627 - ERROR: !!!!!DFS disanble

[31.016][cmm] 8627 - ERROR: !!!!!DFS disanble

[31.056][cmm] 8627 - ERROR: !!!!!DFS disanble

Set_RTSThreshold_Proc: set wdev5 rts length threshold=2347(0x92b)
Set_Fh_Bss_Proc ra5 wdev->MAPCfg.DevOwnRole 0x48
Set_Bh_Bss_Proc ra5 bandIdx = 0 ,DevOwnRole 0x48
[31.114][cmm] 8627 - ERROR: !!!!!DFS disanble

[31.115][cmm] 8627 - ERROR: !!!!!DFS disanble

[31.155][cmm] 8627 - ERROR: !!!!!DFS disanble

device ra5 entered promiscuous mode
br0: port 4(ra5) entered forwarding state
br0: port 4(ra5) entered forwarding state
IPv6: ADDRCONF(NETDEV_CHANGE): br0: link becomes ready
device ra4 entered promiscuous mode
br0: port 5(ra4) entered forwarding state
br0: port 5(ra4) entered forwarding state
[31.237][cmm] 637: create dropbear RSA key success.
[31.238][cmm] 644: start creating dropbear DSS key at CPU core 1.
[31.238][cmm] 648: Try create dropbear DSS key loop=0 ...
Generating 1024 bit dss key, this may take a while...
can't add ra3 to bridge br0: Invalid argument
can't add ra2 to bridge br0: Invalid argument
can't add ra1 to bridge br0: Invalid argument
device ra0 entered promiscuous mode
br0: port 6(ra0) entered forwarding state
br0: port 6(ra0) entered forwarding state
device apcli0 entered promiscuous mode
7906@C03L1,ExtEventBeaconLostHandler() 175:   AP Beacon OFF!!!
WiFi@C12L1,wifi_sys_open() 896: wifi_sys_open():band0 group_idx[0]=0, bw_grp=16 omac=0
7906@C03L1,ExtEventBeaconLostHandler() 175:   AP Beacon OFF!!!
WiFi@C12L1,wifi_sys_open() 896: wifi_sys_open():band0 group_idx[4]=9, bw_grp=16 omac=17
restart_ap, mbss_idx:4, BandIdx:0, reuse FallBack=0, bBssCoexEnable:0
7906@C03L1,ExtEventBeaconLostHandler() 175:   AP Beacon OFF!!!
WiFi@C12L1,wifi_sys_open() 896: wifi_sys_open():band0 group_idx[5]=10, bw_grp=16 omac=18
restart_ap, mbss_idx:5, BandIdx:0, reuse FallBack=0, bBssCoexEnable:0
WLAN-Start wlNetlinkTool
Waiting for Wireless Events fro7906@C09L1,SetApCliEnableByWdev() 22408: interface is not up, please do ifconfig apcli0 up first
m interfaces...
swWlanChkAhbErr: netlink to do
7906@C08L1,UpdateBeaconHandler() 1887: wdev(4) bss not ready (state:2, caller:ap_link_down+0x7c/0x130 [mt7916_ap])!!
br0: port 5(ra4) entered disabled state
7906@C08L1,UpdateBeaconHandler() 1887: wdev(5) bss not ready (state:2, caller:ap_link_down+0x7c/0x130 [mt7916_ap])!!
br0: port 4(ra5) entered disabled state
SetThermalProtectDutyCfg(): band_idx: 0, level_idx: 0, duty: 100
SetThermalProtectDutyCfg(): band_idx: 0, level_idx: 1, duty: 60
SetThermalProtectDutyCfg(): band_idx: 0, level_idx: 2, duty: 40
SetThermalProtectDutyCfg(): band_idx: 0, level_idx: 3, duty: 20
SetThermalProtectEnable(): band_idx: 0, protection_type: 1, trigger_type: 1
SetThermalProtectEnable(): trigger_temp: 119, restore_temp: 114, recheck_time: 1000
[32.131][cmm] 8627 - ERROR: !!!!!DFS disanble

7906@C00L1,mt7916_apply_dpd_flatness_data() 563: eeprom 0x19a bit 0 is 0, do runtime cal
WiFi@C12L1,wifi_sys_open() 896: wifi_sys_open():band1 group_idx[7]=4, bw_grp=16 omac=0
mt7915 mtk_band_steering_netlink_init 243 band steering netlink init ok
7906@C03L1,MtCmdSetMacTxRx() 10273: (ret = 0)
7906@C03L1,MtCmdSetMacTxRx() 10273: (ret = 0)
7906@C00L1,ApAutoChannelAtBootUp() 508: zero-wait DFS is not enabled
7906@C08L1,ap_run_at_boot() 640:  ACS is disable !!
[32.767][cmgr] 779 - WARN: container not running, skip query data
PrintSrCmd:
u1CmdSubId = 1, u1ArgNum = 0, u1DbdcIdx = 1, u1Status = 0
u1DropTaIdx = 0, u1StaIdx = 0, u4Value = 1
PrintSrCmd:
u1CmdSubId = 5, u1ArgNum = 0, u1DbdcIdx = 1, u1Status = 0
u1DropTaIdx = 0, u1StaIdx = 0, u4Value = 0
PrintSrCmd:
u1CmdSubId = 3, u1ArgNum = 0, u1DbdcIdx = 1, u1Status = 0
u1DropTaIdx = 0, u1StaIdx = 0, u4Value = 1
PrintSrCmd:
u1CmdSubId = 23, u1ArgNum = 0, u1DbdcIdx = 1, u1Status = 0
u1DropTaIdx = 0, u1StaIdx = 0, u4Value = 0
PrintSrCmd:
u1CmdSubId = 31, u1ArgNum = 0, u1DbdcIdx = 1, u1Status = 0
u1DropTaIdx = 0, u1StaIdx = 0, u4Value = 0
PrintSrCmd:
u1CmdSubId = 33, u1ArgNum = 0, u1DbdcIdx = 1, u1Status = 0
u1DropTaIdx = 0, u1StaIdx = 0, u4Value = 0
7906@C00L1,mt7916_apply_dpd_flatness_data() 563: eeprom 0x19a bit 0 is 0, do runtime cal
WiFi@C12L1,wifi_sys_open() 896: wifi_sys_open():band1 group_idx[11]=25, bw_grp=16 omac=17
mt7915 mtk_band_steering_netlink_init 243 band steering netlink init ok
7906@C03L1,MtCmdSetMacTxRx() 10273: (ret = 0)
7906@C03L1,MtCmdSetMacTxRx() 10273: (ret = 0)
7906@C00L1,ApAutoChannelAtBootUp() 508: zero-wait DFS is not enabled
7906@C08L1,ap_run_at_boot() 640:  ACS is disable !!
PrintSrCmd:
u1CmdSubId = 1, u1ArgNum = 0, u1DbdcIdx = 1, u1Status = 0
u1DropTaIdx = 0, u1StaIdx = 0, u4Value = 1
PrintSrCmd:
u1CmdSubId = 5, u1ArgNum = 0, u1DbdcIdx = 1, u1Status = 0
u1DropTaIdx = 0, u1StaIdx = 0, u4Value = 0
PrintSrCmd:
u1CmdSubId = 3, u1ArgNum = 0, u1DbdcIdx = 1, u1Status = 0
u1DropTaIdx = 0, u1StaIdx = 0, u4Value = 1
PrintSrCmd:
u1CmdSubId = 23, u1ArgNum = 0, u1DbdcIdx = 1, u1Status = 0
u1DropTaIdx = 0, u1StaIdx = 0, u4Value = 0
PrintSrCmd:
u1CmdSubId = 31, u1ArgNum = 0, u1DbdcIdx = 1, u1Status = 0
u1DropTaIdx = 0, u1StaIdx = 0, u4Value = 0
PrintSrCmd:
u1CmdSubId = 33, u1ArgNum = 0, u1DbdcIdx = 1, u1Status = 0
u1DropTaIdx = 0, u1StaIdx = 0, u4Value = 0
7906@C00L1,mt7916_apply_dpd_flatness_data() 563: eeprom 0x19a bit 0 is 0, do runtime cal
WiFi@C12L1,wifi_sys_open() 896: wifi_sys_open():band1 group_idx[12]=26, bw_grp=16 omac=18
mt7915 mtk_band_steering_netlink_init 243 band steering netlink init ok
7906@C03L1,MtCmdSetMacTxRx() 10273: (ret = 0)
7906@C03L1,MtCmdSetMacTxRx() 10273: (ret = 0)
7906@C00L1,ApAutoChannelAtBootUp() 508: zero-wait DFS is not enabled
7906@C08L1,ap_run_at_boot() 640:  ACS is disable !!
PrintSrCmd:
u1CmdSubId = 1, u1ArgNum = 0, u1DbdcIdx = 1, u1Status = 0
u1DropTaIdx = 0, u1StaIdx = 0, u4Value = 1
PrintSrCmd:
u1CmdSubId = 5, u1ArgNum = 0, u1DbdcIdx = 1, u1Status = 0
u1DropTaIdx = 0, u1StaIdx = 0, u4Value = 0
PrintSrCmd:
u1CmdSubId = 3, u1ArgNum = 0, u1DbdcIdx = 1, u1Status = 0
u1DropTaIdx = 0, u1StaIdx = 0, u4Value = 1
PrintSrCmd:
u1CmdSubId = 23, u1ArgNum = 0, u1DbdcIdx = 1, u1Status = 0
u1DropTaIdx = 0, u1StaIdx = 0, u4Value = 0
PrintSrCmd:
u1CmdSubId = 31, u1ArgNum = 0, u1DbdcIdx = 1, u1Status = 0
u1DropTaIdx = 0, u1StaIdx = 0, u4Value = 0
PrintSrCmd:
u1CmdSubId = 33, u1ArgNum = 0, u1DbdcIdx = 1, u1Status = 0
u1DropTaIdx = 0, u1StaIdx = 0, u4Value = 0
[33.359][cmm] 8627 - ERROR: !!!!!DFS disanble

Set_Map_Proc current MAP MODE is 3
Set_MapR2_Proc MAP R2 is already enabled
Set_Bh_Bss_Proc rai0 bandIdx = 1 ,DevOwnRole 0x20
Set_Fh_Bss_Proc rai0 wdev->MAPCfg.DevOwnRole 0x20
Set_Fh_Bss_Proc rai4 wdev->MAPCfg.DevOwnRole 0x0
Set_Bh_Bss_Proc rai4 bandIdx = 1 ,DevOwnRole 0x44
Set_Fh_Bss_Proc rai5 wdev->MAPCfg.DevOwnRole 0x0
Set_Bh_Bss_Proc rai5 bandIdx = 1 ,DevOwnRole 0x48
Set_Fh_Bss_Proc rai6 wdev->MAPCfg.DevOwnRole 0x0
Set_Bh_Sta_Proc apclii0 wdev->MAPCfg.DevOwnRole 0x80
[33.514][cmm] 220 - ERROR: Get map shared buffer error.
[33.514][cmm] 1628 - ERROR: Failed to attach map shared memory buffer.

[33.514][cmm] 13525 - ERROR: There are no APDevices saved in map shared memory.
[33.515][cmm] 15883 - ERROR: Can not find Controller
7906@C00L1,mt7916_apply_dpd_flatness_data() 563: eeprom 0x19a bit 0 is 0, do runtime cal
WiFi@C02L1,hc_radio_res_request() 1386: wdev=8, hobj is not ready!
WiFi@C02L1,hc_radio_res_request() 1386: wdev=9, hobj is not ready!
WiFi@C02L1,hc_radio_res_request() 1386: wdev=10, hobj is not ready!
WiFi@C02L1,hc_radio_res_request() 1386: wdev=13, hobj is not ready!
WiFi@C02L1,hc_radio_res_request() 1386: wdev=15, hobj is not ready!
set_vow_airtime_fairness_en: set 1.
set_vow_dwrr_max_wait_time: set 64.
SetPercentageCtrl: ucBandIdx = 1
SetPercentageCtrl: TxPowerPercentEn = 1
SetPowerDropCtrl: ucPowerDrop = 100
sync for : ra0
sync for : rai0
sync for : rai4
sync for : rai5
Set_FragThreshold_Proc::set wdev7 FragThreshold=2346)
set target_gi(0)
[33.733][cmm] 8627 - ERROR: !!!!!DFS disanble

[33.734][cmm] 10033 -Length of the AutoChannel skip list : 10
 ERROR: autoChannel with DFS enable! radioband:5GHz, radioname:rai0
[Set_AutoChannelSel_Proc Alg=3
Set_AutoChannelSel_Proc: Alg = 3
337906@C00L1,mt7916_apply_dpd_flatness_data() 563: eeprom 0x19a bit 0 is 0, do runtime cal
.7906@C03L1,ExtEventBeaconLostHandler() 175:   AP Beacon OFF!!!
745][cmm] 9975 - ERROR: pRadioCfg->band:5GHz, pRadioCfg->name:rai0
7906@C03L1,ExtEventBeaconLostHandler() 175:   AP Beacon OFF!!!
7906@C03L1,ExtEventBeaconLostHandler() 175:   AP Beacon OFF!!!
7906@C00L1,mt7916_apply_dpd_flatness_data() 563: eeprom 0x19a bit 0 is 0, do runtime cal
[34.055][cmm] 660: create dropbear DSS key success.
[34.056][cmm] 669: parent pid 889
[34.056][cmm] 677: parent pre cpu mask 00000001
[34.056][cmm] 691: parent post cpu mask 00000003
7906@C00L1,mt7916_apply_dpd_flatness_data() 563: eeprom 0x19a bit 0 is 0, do runtime cal
7906@C03L1,ExtEventBeaconLostHandler() 175:   AP Beacon OFF!!!
7906@C03L1,ExtEventBeaconLostHandler() 175:   AP Beacon OFF!!!
7906@C03L1,ExtEventBeaconLostHandler() 175:   AP Beacon OFF!!!
7906@C00L1,mt7916_apply_dpd_flatness_data() 563: eeprom 0x19a bit 0 is 0, do runtime cal
7906@C00L1,mt7916_apply_dpd_flatness_data() 563: eeprom 0x19a bit 0 is 0, do runtime cal
7906@C00L1,mt7916_apply_dpd_flatness_data() 563: eeprom 0x19a bit 0 is 0, do runtime cal
7906@C00L1,mt7916_apply_dpd_flatness_data() 563: eeprom 0x19a bit 0 is 0, do runtime cal
7906@C00L1,mt7916_apply_dpd_flatness_data() 563: eeprom 0x19a bit 0 is 0, do runtime cal
7906@C23L0,SelectClearChannelBusyTime() 2160: Optimizedly Select 160M Primary Channel Idx = 6, Channel = 124!
7906@C00L1,mt7916_apply_dpd_flatness_data() 563: eeprom 0x19a bit 0 is 0, do runtime cal
rtmp_set_channel 3000: (rai0)send_event_to_network_roaming(ch=124)
7906@C00L1,mt7916_apply_dpd_flatness_data() 563: eeprom 0x19a bit 0 is 0, do runtime cal
7906@C00L1,mt7916_apply_dpd_flatness_data() 563: eeprom 0x19a bit 0 is 0, do runtime cal
7906@C00L1,mt7916_apply_dpd_flatness_data() 563: eeprom 0x19a bit 0 is 0, do runtime cal
wait channel setting success.
[36.375][cmm] 8627 - ERROR: !!!!!DFS disanble

[36.376][cmm] 8627 - ERROR: !!!!!DFS disanble

[36.416][cmm] 8627 - ERROR: !!!!!DFS disanble

MtCmdSetMuruCfgDlUlVal: u1BandBssSelect:1 u1Index:7 ParamUpdList:1 ParamUpdVal:1
MtCmdSetMuruCfgDlUlVal: u1BandBssSelect:1 u1Index:7 ParamUpdList:2 ParamUpdVal:2
set_bsscolor_proc(): old_bsscolor(255) -> new_bsscolor(255)
set_bsscolor_proc(): old_bsscolor and new_bsscolor are the same not need set
Set_RTSThreshold_Proc: set wdev7 rts length threshold=2347(0x92b)
[36.517][cmm] 8627 - ERROR: !!!!!DFS disanble

[36.518][cmm] 8627 - ERROR: !!!!!DFS disanble

[36.557][cmm] 8627 - ERROR: !!!!!DFS disanble

[36.568][cmm] 8627 - ERROR: !!!!!DFS disanble

[36.569][cmm] 8627 - ERROR: !!!!!DFS disanble

[36.608][cmm] 8627 - ERROR: !!!!!DFS disanble

[36.619][cmm] 8627 - ERROR: !!!!!DFS disanble

[36.620][cmm] 8627 - ERROR: !!!!!DFS disanble

[36.660][cmm] 8627 - ERROR: !!!!!DFS disanble

[36.671][cmm] 8627 - ERROR: !!!!!DFS disanble

[36.672][cmm] 8627 - ERROR: !!!!!DFS disanble

[36.711][cmm] 8627 - ERROR: !!!!!DFS disanble

Set_RTSThreshold_Proc: set wdev11 rts length threshold=2347(0x92b)
Set_Fh_Bss_Proc rai4 wdev->MAPCfg.DevOwnRole 0x44
Set_Bh_Bss_Proc rai4 bandIdx = 1 ,DevOwnRole 0x44
[36.770][cmm] 8627 - ERROR: !!!!!DFS disanble

[36.771][cmm] 8627 - ERROR: !!!!!DFS disanble

[36.810][cmm] 8627 - ERROR: !!!!!DFS disanble

Set_RTSThreshold_Proc: set wdev12 rts length threshold=2347(0x92b)
Set_Fh_Bss_Proc rai5 wdev->MAPCfg.DevOwnRole 0x48
Set_Bh_Bss_Proc rai5 bandIdx = 1 ,DevOwnRole 0x48
[36.867][cmm] 8627 - ERROR: !!!!!DFS disanble

[36.868][cmm] 8627 - ERROR: !!!!!DFS disanble

[36.908][cmm] 8627 - ERROR: !!!!!DFS disanble

device rai5 entered promiscuous mode
br0: port 8(rai5) entered forwarding state
br0: port 8(rai5) entered forwarding state
device rai4 entered promiscuous mode
br0: port 9(rai4) entered forwarding state
br0: port 9(rai4) entered forwarding state
can't add rai3 to bridge br0: Invalid argument
can't add rai2 to bridge br0: Invalid argument
can't add rai1 to bridge br0: Invalid argument
device rai0 entered promiscuous mode
br0: port 10(rai0) entered forwarding state
br0: port 10(rai0) entered forwarding state
device apclii0 entered promiscuous mode
7906@C00L1,mt7916_apply_dpd_flatness_data() 563: eeprom 0x19a bit 0 is 0, do runtime cal
WiFi@C12L1,wifi_sys_open() 896: wifi_sys_open():band1 group_idx[7]=4, bw_grp=16 omac=0
7906@C03L1,ExtEventBeaconLostHandler() 175:   AP Beacon OFF!!!
7906@C00L1,mt7916_apply_dpd_flatness_data() 563: eeprom 0x19a bit 0 is 0, do runtime cal
WiFi@C12L1,wifi_sys_open() 896: wifi_sys_open():band1 group_idx[11]=25, bw_grp=16 omac=17
7906@C03L1,ExtEventBeaconLostHandler() 175:   AP Beacon OFF!!!
7906@C00L1,mt7916_apply_dpd_flatness_data() 563: eeprom 0x19a bit 0 is 0, do runtime cal
WiFi@C12L1,wifi_sys_open() 896: wifi_sys_open():band1 group_idx[12]=26, bw_grp=16 omac=18
[37.618][cmm] 9158 - ERROR: wlNetlinkTool is already there.

7906@C09L1,SetApCliEnableByWdev() 22408: interface is not up, please do ifconfig apclii0 up first
7906@C08L1,UpdateBeaconHandler() 1887: wdev(11) bss not ready (state:2, caller:ap_link_down+0x7c/0x130 [mt7916_ap])!!
br0: port 9(rai4) entered disabled state
7906@C08L1,UpdateBeaconHandler() 1887: wdev(12) bss not ready (state:2, caller:ap_link_down+0x7c/0x130 [mt7916_ap])!!
br0: port 8(rai5) entered disabled state
sh: can't open '/etc/smp.sh'
SetThermalProtectDutyCfg(): band_idx: 1, level_idx: 0, duty: 100
SetThermalProtectDutyCfg(): band_idx: 1, level_idx: 1, duty: 60
SetThermalProtectDutyCfg(): band_idx: 1, level_idx: 2, duty: 40
SetThermalProtectDutyCfg(): band_idx: 1, level_idx: 3, duty: 20
SetThermalProtectEnable(): band_idx: 1, protection_type: 1, trigger_type: 1
SetThermalProtectEnable(): trigger_temp: 120, restore_temp: 114, recheck_time: 1000
[37.831][cmm] 132 - ERROR: Stat sysfs for br port bridge ifindex failed, path: /sys/class/net/ra1/brport/bridge/ifindex
[37.832][cmm] 132 - ERROR: Stat sysfs for br port bridge ifindex failed, path: /sys/class/net/rai1/brport/bridge/ifindex
[37.834][cmm] 132 - ERROR: Stat sysfs for br port bridge ifindex failed, path: /sys/class/net/ra2/brport/bridge/ifindex
[37.836][cmm] 132 - ERROR: Stat sysfs for br port bridge ifindex failed, path: /sys/class/net/ra3/brport/bridge/ifindex
[37.838][cmm] 132 - ERROR: Stat sysfs for br port bridge ifindex failed, path: /sys/class/net/rai2/brport/bridge/ifindex
[37.840][cmm] 132 - ERROR: Stat sysfs for br port bridge ifindex failed, path: /sys/class/net/rai3/brport/bridge/ifindex
rm: can't remove '/var/tmp/os_print/tpApp/2_debug': No such file or directory
[38.187][cmm] 760: Skip create dropbear RSA key here
[38.188][cmm] 788: Skip create dropbear DSS key here
[2264] Jan 01 00:00:37 Running in background
ip6tables: No chain/target/match by that name.
[38.383][httpd] 145 - ERROR: alias increase length too long, have to enlarge the HTTP_ALIAS_LEN
ip6tables: No chain/target/match by that name.
ip6tables: Bad rule (does a matching rule exist in that chain?).
ip6tables: No chain/target/match by that name.
ip6tables: Bad rule (does a matching rule exist in that chain?).
ip6tables: No chain/target/match by that name.
iptables: Bad rule (does a matching rule exist in that chain?).
.....tun: Universal TUN/TAP device driver, 1.6
tun: (C) 1999-2004 Max Krasnyansky <maxk@qualcomm.com>
.insmod: can't insert '/lib/modules/kmdir/kernel/drivers/net/ppp/ppp_mppe.ko': No such file or directory
..ioctl set error: Inappropriate ioctl for device
.[39.266][cmm] 133 - ERROR: Cann't open file: /var/run/zebra.pid.
..[39.322][cmm] 133 - ERROR: Cann't open file: /var/run/ripd.pid.
[39.322][cmm] 133 - ERROR: Cann't open file: /var/run/ripngd.pid.
..........iptables: Bad rule (does a matching rule exist in that chain?).
..iptables: Bad rule (does a matching rule exist in that chain?).
iptables: Bad rule (does a matching rule exist in that chain?).
..nf_conntrack_rtsp v0.7 loading
.nf_nat_rtsp v0.7 loading
..................Sorry, rule does not exist.
iptables: Bad rule (does a matching rule exist in that chain?).
.ip6tables: Bad rule (does a matching rule exist in that chain?).
+++++
iptables: No chain/target/match by that name.
.ip6tables: No chain/target/match by that name.
..iptables: No chain/target/match by that name.
.iptables: No chain/target/match by that name.
iptables: No chain/target/match by that name.
.ip6tables: No chain/target/match by that name.
...................+++++
iptables: Bad rule (does a matching rule exist in that chain?).
ip6tables: Bad rule (does a matching rule exist in that chain?).
iptables: Bad rule (does a matching rule exist in that chain?).
ip6tables: Bad rule (does a matching rule exist in that chain?).
iptables: Bad rule (does a matching rule exist in that chain?).
ip6tables: Bad rule (does a matching rule exist in that chain?).
iptables: Bad rule (does a matching rule exist in that chain?).
ip6tables: Bad rule (does a matching rule exist in that chain?).
iptables: Bad rule (does a matching rule exist in that chain?).
ip6tables: Bad rule (does a matching rule exist in that chain?).
[41.033][cmm] 143 - ERROR: vs record already exist
[41.034][cmm] 143 - ERROR: vs record already exist
[ rsl_initIqosObj ] 1216:  0#0,0,0,0
netstat: showing only processes with your user ID
netstat: showing only processes with your user ID
netstat: showing only processes with your user ID
ip6tables: Bad rule (does a matching rule exist in that chain?).
ip6tables: Bad rule (does a matching rule exist in that chain?).
[41.251][cmm] 4808 - ERROR: Device.X_TP_Services.X_TP_VoiceService.{i}.PhyInterface.{i}. exit. skip create instance.
killall: minidlnad: no process killed
[42.811][cmgr] 779 - WARN: container not running, skip query data
killall: vsftpd: no process killed
[2016/01/01 00:00:42] getifaddr.c:334: runtime_vars.ifaces[0]=br0
...................+++++
.................................  No MII transceiver present!.
....................+++++
auto, Auto-negotiation enabled.
No common media type was autonegotiated!
This is extremely unusual and typically indicates a configuration error.
Perhaps the advertised capability set was intentionally limited.
Link is down
auto, Auto-negotiation enabled.
No common media type was autonegotiated!
This is extremely unusual and typically indicates a configuration error.
Perhaps the advertised capability set was intentionally limited.
Link is down
auto, Auto-negotiation enabled.
No common media type was autonegotiated!
This is extremely unusual and typically indicates a configuration error.
Perhaps the advertised capability set was intentionally limited.
Link is down
auto, Auto-negotiation enabled.
No common media type was autonegotiated!
This is extremely unusual and typically indicates a configuration error.
Perhaps tbr0: port 1(eth0.1) entered disabled state
he advertised capability set was intentionally limited.
Link is down
device eth0.1 left promiscuous mode
br0: port 1(eth0.1) entered disabled state
br0: port 2(eth0.2) entered disabled state
device eth0.2 left promiscuous mode
br0: port 2(eth0.2) entered disabled state
br0: port 3(eth0.3) entered disabled state
device eth0.3 left promiscuous mode
br0: port 3(eth0.3) entered disabled state
device eth0.4 is not a slave of br0
device eth0 entered promiscuous mode
br0: port 1(eth0) entered forwarding state
br0: port 1(eth0) entered forwarding state
device eth0 left promiscuous mode
br0: port 1(eth0) entered disabled state
device eth0.1 entered promiscuous mode
device eth0.2 entered promiscuous mode
device eth0.3 entered promiscuous mode
device eth0.4 is not a slave of br0
ifconfig: ioctl 0x8913 failed: No such device
interface eth0.5 does not exist!
[49.179][cmm] 1644 - ERROR: The lengh(0) of phone number() is less than 3 or lager than 32.
[49.180][cmm] 1606 - ERROR: ret=9007
[49.180][cmm] 705 - ERROR: ret=9007
[49.181][httpd] 1019 - ERROR: Cloud ddns is not available now.
[49.184][cmm] 584 - ERROR: object PageAccessPermission's instance array is full, max instance number = 30.
[49.184][cmm] 1550 - ERROR: Create sub tree for object PageAccessPermission 1#31 failed.
[49.185][cmm] 1458 - ERROR: ret=1
[49.185][cmm] 1589 - ERROR: Fail to add page object
[49.186][cmm] 1644 - ERROR: The lengh(0) of phone number() is less than 3 or lager than 32.
[49.186][cmm] 1606 - ERROR: ret=9007
[49.186][cmm] 705 - ERROR: ret=9007
++++++++++we are going to init cloud+++++++++++++++Set_MapTS_Proc MAP TS is already disabled
++
[49.245][cmm] 1644 - ERROR: The lengh(0) of phone number() is less than 3 or lager than 32.
[49.246][cmm] 1606 - ERROR: ret=9007
[49.246][cmm] 705 - ERROR: ret=9007
[49.247][cmm] 4Set_MapTS_Proc MAP TS is already disabled
823 - ERROR: mesh enable is 1, ts enable is 0
[49.247][cmm] 4432 - ERROR: traffic separation is disabled
mmmInit():Total mem size=51364, addr=0x0xb5f008.
*************************************************************
*************************MMM TABLE DUMP**********************
-------------------------------------------------------------
 poolhead(40)  poolnum  dynamictimes  chainhead  poolend
-------------------------------------------------------------
 0xb5f008        8          0         (nil)     0xb6b8ac
-------------------------------------------------------------
 index  poolhead(20)    size    blocks    free     usage
-------------------------------------------------------------
  1     0xb5f030        32          256       256       0
  2     0xb61448        64          128       128       0
  3     0xb63660        128         64        64        0
  4     0xb65778        256         32        32        0
  5     0xb67810        512         8         8         0
  6     0xb68848        1024        4         4         0
  7     0xb69870        2048        2         2         0
  8     0xb6a890        4096        1         1         0
-------------------------------------------------------------
 index  chainnode(16)   magic    length    prev    next
-------------------------------------------------------------
(nil)
*************************************************************
1451595648161|3077|4|cloud.c:91:main| - cloud-sdk version: 1.3.9-rc03, build_time:20211227_172322
Interface doesn't accept private ioctl...
set (8BE2): Invalid argument
Interface doesn't accept private ioctl...
set (8BE2): Invalid argument
**************************************************
********************config dump*******************
--------------------------------------------------
sef domain                      : n-deventry-gw.tplinkcloud.com
sef port                        : 443
cloud svr default port          : 443
default svr                     : n-devs-gw.tplinkcloud.com
default port                    : 443
default valid time              : 172800
heartbeat interval              : 235000
request timeout                 : 5000
reconnect timewait max          : 1024000
reconnect cachedsvr max times   : 5
reconnect defaultsvr max times  : 5
reconnect random time min       : 2000
reconnect random time maxvoip modules loaded, timer number 3       : 256000
short connect interval          : 259200000
max message number              : 1000
max client number               : 20
service file                    : /
fxsGetLine(0)Ret[1]=State[3]
tmp/cloud_service.cfg
cer file                        : /etc/cloud/2048_newroot.cer
ssl verify CN                   :
ssl verify time                 : 0
**************************************************
Interface doesn't accept private ioctl...
set (8BE2): Invalid argument
Interface doesn't accept private ioctl...
set (8BE2): Invalid argument
[49.405][cmm] 1644fxsSetLine[0]state 0x9 State UNKNOWN !
 - ERROR: The lengh(0) of phone number() is less than 3 or lager than 32.
[49.406][cmm] 1606 - ERROR: ret=9007
[49.406][cmm] 705 - ERROR: ret=9007
[49.410][cmm] 1644 - ERROR: The lengh(0) of phone number() is less than 3 or lager than 32.
[49.411][cmm] 1606 - ERROR: ret=9007
[49.411][cmm] 705 - ERROR: ret=9007
[49.412][cmm] 1644 - ERROR: The lengh(0) of phone number() is less than 3 or lager than 32.
[49.412][cmm] 1606 - ERROR: ret=9007
[49.412][cmm] 705 - ERROR: ret=9007
[49.425][cmm] 1644 - ERROR: The lengh(0) of phone number() is less than 3 or lager than 32.
[49.426][cmm] 1606 - ERROR: ret=9007
[49.426][cmm] 705 - ERROR: ret=9007
[49.427][cmm] 1644 - ERROR: The lengh(0) of phone number() is less than 3 or lager than 32.
[49.427][cmm] 1606 - ERROR: ret=9007
[49.428][cmm] 705 - ERROR: ret=9007
VDSP_GetInstance:292
[GDI] Change log level to (EVA_LOG_ERR).
fxsSetLine[0]state 0x9 State UNKNOWN !
k_domain: tplinkwifi.net
[49.785][cmm] 1349 - ERROR: --> X_TP_ConnType=LAN X_TP_ServiceType=Unknown
[49.785][httpd] 997 - ERROR: u_domain: tplinkwifi.net
[49.785][cmm] 1349 - ERROR: --> X_TP_ConnType=PPP3G X_TP_ServiceType=Unknown
[49.786][cmm] 1349 - ERROR: --> X_TP_ConnType=DHCP4G X_TP_ServiceType=Unknown
[49.786][cmm] 1349 - ERROR: --> X_TP_ConnType=PPPoE X_TP_ServiceType=Internet
[49.786][cmm] 1349 - ERROR: --> X_TP_ConnType=DHCP X_TP_ServiceType=IPTV
[49.787][cmm] 743 - ERROR: Get instance description failed. object name = History
[ dm_getObj ] 744:  1#1
[49.788][cmm] 1440 - ERROR: ret=9805
[49.788][cmm] 1512 - ERROR: Get packet capture history failed!
[49.789][cmm] 1638 - ERROR: get packet capture histort error in rsl_getDev2PacketCaptureObj.
sh: can't create /proc/tplink/eth_forward: nonexistent directory
Sorry, rule does not exist.
Sorry, rule does not exist.
*reg=00002104 value:00ff0000
[Feb  8 2025-06:45:31][src/wportal_ctrl.c:main:421] enter!!!
*reg=00002204 value:00ff0000
cgroup: lxc-start (3219) created nested cgroup for controller "memory" which has incomplete hierarchy support. Nested cgroups may change behavior in the future.
cgroup: "memory" requires setting use_hierarchy to 1 on the root
Sorry, rule does not exist.
*reg=00002304 value:00ff0000
*reg=00002404 value:00ff0000
br0: port 1(eth0.1) entered disabled state
device eth0.1 left promiscuous mode
br0: port 1(eth0.1) entered disabled state
Sorry, rule does not exist.
br0: port 2(eth0.2) entered disabled state
Sorry, rule does not exist.
Sorry, rule does not exist.
device eth0.2 left promiscuous mode
br0: port 2(eth0.2) entered disabled state
[50.083][cmm] 2691 - ERROR: [ PID=889 ] write usrconf to nor flash (note: please resure your flash-write necessary)

+++ timer 2 start (tick : 2) +++
sh: write error: Invalid argument
br0: port 3(eth0.3) entered disabled state
device eth0.3 left promiscuous mode
br0: port 3(eth0.3) entered disabled state
[50.410][cmm] 4966 - ERROR: Write config index:142 addr:c0000

device eth0.4 is not a slave of br0
device eth0 entered promiscuous mode
br0: port 1(eth0) entered forwarding state
br0: port 1(eth0) entered forwarding state
device eth0 left promiscuous mode
br0: port 1(eth0) entered disabled state
Erase from 0xc0000 with 0x40000 bytes TP board sdk_flash_erase addr 000c0000, len 40000

Write flash to 0xc0000, len is 0x40000 TP board sdk_flash_write to 000c0000, len 40000
[50.706][mapController] 1124: Map Shared M
emory size: 243376 bytes

[50.707][mapController] 83: mac(22:23:xx:xx:xx:84), cfg_file(/var/tmp/map.conf), is_registrar(1), ath_band_steering_netlink_receive 157 pid = 3276
bMapController(1), mapEnable(1), vlan_enable(0)

procName is sigma_dut, keyWord is ath_band_steering_netlink_receive 157 pid = 3276

ath_band_steering_netlink_receive 157 pid = 3276
ath_band_steering_netlink_receive 157 pid = 3276
device eth0.1 entered promiscuous mode
[50.871][mapAgent] 1124: Map Shared Memory size: 243376 bytes

[50.872][mapAgent] 83: mac(22:23:xx:xx:xx:83), cfg_fidevice eth0.2 entered promiscuous mode
le(/var/tmp/map.conf), is_registrar(0), bMapController(0), mapEnable(1), vlan_enable(0)

procName is sigma_dut, keyWord is
device eth0.3 entered promiscuous mode
device eth0.4 is not a slave of br0
ifconfig: ioctl 0x8913 failed: No such device
interface eth0.5 does not exist!
*reg=0000210c value:000fff10
*reg=0000220c value:000fff10
*reg=0000230c value:000fff10
*reg=0000240c value:000fff10
sh: write error: Invalid argument
LoadClientCert: Not using a device certificate for connections
agentid is :USP::2023xxxxxx83
DM_EXEC_Main start
DM_EXEC_EnableNotifications: 842
DM_EXEC_EnableNotifications: 845
DM_EXEC_EnableNotifications: 849
********************config dump*******************
----------------------status----------------------
processid                     : 3081
---------------------configure--------------------
loglevel                      : 3
verify host                   : n-device-api.tplinkcloud.com
verify port                   : 0
verify path                   : /v1/validate
post connect timeout          : 20
post transfer timeout         : 20
get connect timeout           : 20
get transfer timeout          : 20
session debug                 : off
cer file                      : /etc/cloud_https/2048new.cer
cer type                      :
**************************************************
Starting daemon...
device lo entered promiscuous mode
[51.870][mapController] 753 - ERROR: sendto(ra4) returned with errno=100 (Network is down)

[51.871][mapController] 86 - ERROR: Packet could not be sent!

[51.871][mapController] 753 - ERROR: sendto(ra4) returned with errno=100 (Network is down)

[51.871][mapController] 7712 - ERROR: Packet could not be sent!

[51.872][mapController] 753 - ERROR: sendto(ra5) returned with errno=100 (Network is down)

[51.872][mapController] 86 - ERROR: Packet could not be sent!

[51.872][mapController] 753 - ERROR: sendto(ra5) returned with errno=100 (Network is down)

[51.872][mapController] 7712 - ERROR: Packet could not be sent!

[51.873][mapController] 753 - ERROR: sendto(rai4) returned with errno=100 (Network is down)

[51.873][mapController] 86 - ERROR: Packet could not be sent!

[51.873][mapController] 753 - ERROR: sendto(rai4) returned with errno=100 (Network is down)

[51.874][mapController] 7712 - ERROR: Packet could not be sent!

[51.874][mapController] 753 - ERROR: sendto(rai5) returned with errno=100 (Network is down)

[51.874][mapController] 86 - ERROR: Packet could not be sent!

[51.874][mapController] 753 - ERROR: sendto(rai5) returned with errno=100 (Network is down)

[51.875][mapController] 7712 - ERROR: Packet could not be sent!

[51.875][mapController] 366: Starting map (AL MAC = 22:23:xx:xx:xx:84), mapEnable = 1...

[51.876][mapController] 753 - ERROR: sendto(ra4) returned with errno=100 (Network is down)

[51.876][mapController] 86 - ERROR: Packet could not be sent!

[51.877][mapController] 753 - ERROR: sendto(ra5) returned with errno=100 (Network is down)

[51.877][mapController] 86 - ERROR: Packet could not be sent!

[51.877][mapController] 753 - ERROR: sendto(rai4) returned with errno=100 (Network is down)

[51.877][mapController] 86 - ERROR: Packet could not be sent!

[51.877][mapController] 753 - ERROR: sendto(rai5) returned with errno=100 (Network is down)

[51.878][mapController] 86 - ERROR: Packet could not be sent!

[51.878][mapController] 753 - ERROR: sendto(ra4) returned with errno=100 (Network is down)

[51.878][mapController] 86 - ERROR: Packet could not be sent!

[51.879][mapController] 753 - ERROR: sendto(ra5) returned with errno=100 (Network is down)

[51.879][mapController] 86 - ERROR: Packet could not be sent!

[51.879][mapController] 753 - ERROR: sendto(rai4) returned with errno=100 (Network is down)

[51.879][mapController] 86 - ERROR: Packet could not be sent!

[51.880][mapController] 753 - ERROR: sendto(rai5) returned with errno=100 (Network is down)

[51.880][mapController] 86 - ERROR: Packet could not be sent!

[51.881][mapController] 361 - WARN: Could not recv info from interface rai5, recv : -1

[51.881][mapController] 361 - WARN: Could not recv info from interface rai5, recv : -1

[51.881][mapController] 361 - WARN: Could not recv info from interface rai4, recv : -1

[51.881][mapController] 361 - WARN: Could not recv info from interface rai4, recv : -1

[51.882][mapController] 361 - WARN: Could not recv info from interface ra5, recv : -1

[51.882][mapController] 361 - WARN: Could not recv info from interface ra5, recv : -1

[51.882][mapController] 361 - WARN: Could not recv info from interface ra4, recv : -1

[51.882][mapController] 361 - WARN: Could not recv info from interface ra4, recv : -1

[51.932][mapAgent] 753 - ERROR: sendto(ra4) returned with errno=100 (Network is down)

[51.932][mapAgent] 86 - ERROR: Packet could not be sent!

[51.932][mapAgent] 753 - ERROR: sendto(ra4) returned with errno=100 (Network is down)

[51.933][mapAgent] 7712 - ERROR: Packet could not be sent!

[51.933][mapAgent] 753 - ERROR: sendto(ra5) returned with errno=100 (Network is down)

[51.933][mapAgent] 86 - ERROR: Packet could not be sent!

[51.934][mapAgent] 753 - ERROR: sendto(ra5) returned with errno=100 (Network is down)

[51.934][mapAgent] 7712 - ERROR: Packet could not be sent!

[51.934][mapAgent] 753 - ERROR: sendto(rai4) returned with errno=100 (Network is down)

[51.934][mapAgent] 86 - ERROR: Packet could not be sent!

[51.935][mapAgenWiFi@C12L1,wifi_sys_open() 896: wifi_sys_open():band0 group_idx[4]=9, bw_grp=16 omac=17
t] 753 - ERROR: sendtmt7915 mtk_band_steering_netlink_init 243 band steering netlink init ok
o(ra7906@C03L1,MtCmdSetMacTxRx() 10273: (ret = 0)
i7906@C03L1,MtCmdSetMacTxRx() 10273: (ret = 0)
7906@C00L1,ApAutoChannelAtBootUp() 514: not A band
47906@C08L1,ap_run_at_boot() 640:  ACS is disable !!
) returned with errno=100 (Network is down)

[51.935][mapAgent] 7712 - ERROR: Packet could not be sent!

[52.269][mapAgent] 753 - ERROR: sendto(rai5) returned with errno=100 (Network is down)

[52.269][mapAgent] 86 - ERROR: Packet could not be sent!

[52.269][mapAgent] 753 - ERROR: sendto(rai5) returned with errno=100 (Network is down)

[52.269][mapAgent] 7712 - ERROR: Packet could not be sent!

PrintSrCmd:
u1CmdSubId = 1, u1ArgNum = 0, u1DbdcIdx = 0, u1Status = 0
u1DropTaIdx = 0, u1StaIdx = 0, u4Value = 1
PrintSrCmd:
u1CmdSubId = 5, u1ArgNum = 0, u1DbdcIdx = 0, u1Status = 0
u1DropTaIdx = 0, u1StaIdx = 0, u4Value = 0
PrintSrCmd:
u1CmdSubId = 3, u1ArgNum = 0, u1DbdcIdx = 0, u1Status = 0
u1DropTaIdx = 0, u1StaIdx = 0, u4Value = 1
PrintSrCmd:
u1CmdSubId = 23, u1ArgNum = 0, u1DbdcIdx = 0, u1Status = 0
u1DropTaIdx = 0, u1StaIdx = 0, u4Value = 0
PrintSrCmd:
u1CmdSubId = 31, u1ArgNum = 0, u1DbdcIdx = 0, u1Status = 0
u1DropTaIdx = 0, u1StaIdx = 0, u4Value = 0
PrintSrCmd:
u1CmdSubId = 33, u1ArgNum = 0, u1DbdcIdx = 0, u1Status = 0
u1DropTaIdx = 0, u1StaIdx = 0, u4Value = 0
br0: port 5(ra4) entered forwarding state
br0: port 5(ra4) entered forwarding state
WiFi@C12L1,wifi_sys_open() 896: wifi_sys_open():band0 group_idx[5]=10, bw_grp=16 omac=18
mt7915 mtk_band_steering_netlink_init 243 band steering netlink init ok
7906@C03L1,MtCmdSetMacTxRx() 10273: (ret = 0)
7906@C03L1,MtCmdSetMacTxRx() 10273: (ret = 0)
7906@C00L1,ApAutoChannelAtBootUp() 514: not A band
7906@C08L1,ap_run_at_boot() 640:  ACS is disable !!
PrintSrCmd:
u1CmdSubId = 1, u1ArgNum = 0, u1DbdcIdx = 0, u1Status = 0
u1DropTaIdx = 0, u1StaIdx = 0, u4Value = 1
PrintSrCmd:
u1CmdSubId = 5, u1ArgNum = 0, u1DbdcIdx = 0, u1Status = 0
u1DropTaIdx = 0, u1StaIdx = 0, u4Value = 0
PrintSrCmd:
u1CmdSubId = 3, u1ArgNum = 0, u1DbdcIdx = 0, u1Status = 0
u1DropTaIdx = 0, u1StaIdx = 0, u4Value = 1
PrintSrCmd:
u1CmdSubId = 23, u1ArgNum = 0, u1DbdcIdx = 0, u1Status = 0
u1DropTaIdx = 0, u1StaIdx = 0, u4Value = 0
PrintSrCmd:
u1CmdSubId = 31, u1ArgNum = 0, u1DbdcIdx = 0, u1Status = 0
u1DropTaIdx = 0, u1StaIdx = 0, u4Value = 0
PrintSrCmd:
u1CmdSubId = 33, u1ArgNum = 0, u1DbdcIdx = 0, u1Status = 0
u1DropTaIdx = 0, u1StaIdx = 0, u4Value = 0
br0: port 4(ra5) entered forwarding state
br0: port 4(ra5) entered forwarding state
7906@C00L1,mt7916_apply_dpd_flatness_data() 563: eeprom 0x19a bit 0 is 0, do runtime cal
WiFi@C12L1,wifi_sys_open() 896: wifi_sys_open():band1 group_idx[11]=25, bw_grp=16 omac=17
mt7915 mtk_band_steering_netlink_init 243 band steering netlink init ok
7906@C03L1,MtCmdSetMacTxRx() 10273: (ret = 0)
7906@C03L1,MtCmdSetMacTxRx() 10273: (ret = 0)
7906@C00L1,ApAutoChannelAtBootUp() 508: zero-wait DFS is not enabled
7906@C08L1,ap_run_at_boot() 640:  ACS is disable !!
PrintSrCmd:
u1CmdSubId = 1, u1ArgNum = 0, u1DbdcIdx = 1, u1Status = 0
u1DropTaIdx = 0, u1StaIdx = 0, u4Value = 1
PrintSrCmd:
u1CmdSubId = 5, u1ArgNum = 0, u1DbdcIdx = 1, u1Status = 0
u1DropTaIdx = 0, u1StaIdx = 0, u4Value = 0
PrintSrCmd:
u1CmdSubId = 3, u1ArgNum = 0, u1DbdcIdx = 1, u1Status = 0
u1DropTaIdx = 0, u1StaIdx = 0, u4Value = 1
PrintSrCmd:
u1CmdSubId = 23, u1ArgNum = 0, u1DbdcIdx = 1, u1Status = 0
u1DropTaIdx = 0, u1StaIdx = 0, u4Value = 0
PrintSrCmd:
u1CmdSubId = 31, u1ArgNum = 0, u1DbdcIdx = 1, u1Status = 0
u1DropTaIdx = 0, u1StaIdx = 0, u4Value = 0
PrintSrCmd:
u1CmdSubId = 33, u1ArgNum = 0, u1DbdcIdx = 1, u1Status = 0
u1DropTaIdx = 0, u1StaIdx = 0, u4Value = 0
br0: port 9(rai4) entered forwarding state
br0: port 9(rai4) entered forwarding state
7906@C00L1,mt7916_apply_dpd_flatness_data() 563: eeprom 0x19a bit 0 is 0, do runtime cal
WiFi@C12L1,wifi_sys_open() 896: wifi_sys_open():band1 group_idx[12]=26, bw_grp=16 omac=18
mt7915 mtk_band_steering_netlink_init 243 band steering netlink init ok
7906@C03L1,MtCmdSetMacTxRx() 10273: (ret = 0)
7906@C03L1,MtCmdSetMacTxRx() 10273: (ret = 0)
7906@C00L1,ApAutoChannelAtBootUp() 508: zero-wait DFS is not enabled
7906@C08L1,ap_run_at_boot() 640:  ACS is disable !!
PrintSrCmd:
u1CmdSubId = 1, u1ArgNum = 0, u1DbdcIdx = 1, u1Status = 0
u1DropTaIdx = 0, u1StaIdx = 0, u4Value = 1
PrintSrCmd:
u1CmdSubId = 5, u1ArgNum = 0, u1DbdcIdx = 1, u1Status = 0
u1DropTaIdx = 0, u1StaIdx = 0, u4Value = 0
PrintSrCmd:
u1CmdSubId = 3, u1ArgNum = 0, u1DbdcIdx = 1, u1Status = 0
u1DropTaIdx = 0, u1StaIdx = 0, u4Value = 1
PrintSrCmd:
u1CmdSubId = 23, u1ArgNum = 0, u1DbdcIdx = 1, u1Status = 0
u1DropTaIdx = 0, u1StaIdx = 0, u4Value = 0
PrintSrCmd:
u1CmdSubId = 31, u1ArgNum = 0, u1DbdcIdx = 1, u1Status = 0
u1DropTaIdx = 0, u1StaIdx = 0, u4Value = 0
PrintSrCmd:
u1CmdSubId = 33, u1ArgNum = 0, u1DbdcIdx = 1, u1Status = 0
u1DropTaIdx = 0, u1StaIdx = 0, u4Value = 0
br0: port 8(rai5) entered forwarding state
br0: port 8(rai5) entered forwarding state
[53.289][mapAgent] 362: Starting map (AL MAC = 22:23:xx:xx:xx:83), mapEnable = 1...

[53.292][mapAgent] 361 - WARN: Could not recv info from interface rai5, recv : -1

[53.292][mapAgent] 361 - WARN: Could not recv info from interface rai5, recv : -1

[53.293][mapAgent] 361 - WARN: Could not recv info from interface rai4, recv : -1

[53.293][mapAgent] 361 - WARN: Could not recv info from interface rai4, recv : -1

[53.293][mapAgent] 361 - WARN: Could not recv info from interface ra5, recv : -1

[53.294][mapAgent] 361 - WARN: Could not recv info from interface ra5, recv : -1

[53.294][mapAgent] 361 - WARN: Could not recv info from interface ra4, recv : -1

[53.294][mapAgent] 361 - WARN: Could not recv info from interface ra4, recv : -1

[53.863][mapController] 6400 - ERROR: --> pMetricQueryTlv build failed, Maybe we don't know the wifi interfaces in pDevice(22:23:xx:xx:xx:83)!

[53.864][mapController] 786: ignore auto config event
[54.103][mapAgent] 283 - WARN: File /var/tmp/tpAgentConf.json does not exits, just go out

[54.106][cmm] 2269 - WARN: refresh host info entry...
[54.160][cmm] 13567 - ERROR: AgentOnController not found, update map device fail!!!
[54.377][mapController] 6400 - ERROR: --> pMetricQueryTlv build failed, Maybe we don't know the wifi interfaces in pDevice(22:23:xx:xx:xx:83)!

[54.378][mapController] 786: ignore auto config event
[54.378][mapController] 4838 - ERROR: pNeighborInterface is null

[54.378][mapController] 6546 - WARN: Problems updating data model with topology response TLVs

[54.435][cmm] 2269 - WARN: refresh host info entry...
[grpMgmtGenUpdateFeatureInfo:2447] Get commonToken failed!
[grpMgmt_updateFeatureInfo:4405] Failed to generate update feature info message to cloud
[56.611][cos] 8032: ===============================recv AgentConfig Message========================================
[56.612][cos] 8042: do not support autoconfig in Controller or easymesh disable
[59.320][cmm] 1340 - WARN: Not found DHCPv4.Client object referenced Device.IP.Interface.2.
open DNS error: No such file or directory
NTP server list:
[63.340][cmm] 1340 - WARN: Not found DHCPv4.Client object referenced Device.IP.Interface.2.
[66.370][cmm] 1340 - WARN: Not found DHCPv4.Client object referenced Device.IP.Interface.2.
[79.501][cmm] 1340 - WARN: Not found DHCPv4.Client object referenced Device.IP.Interface.2.
[82.530][cmm] 1340 - WARN: Not found DHCPv4.Client object referenced Device.IP.Interface.2.
[84.386][cmm] 2269 - WARN: refresh host info entry...
[grpMgmtGenUpdateFeatureInfo:2447] Get commonToken failed!
[grpMgmt_updateFeatureInfo:4405] Failed to generate update feature info message to cloud
[101.720][cmm] 1340 - WARN: Not found DHCPv4.Client object referenced Device.IP.Interface.2.
sleep 90s!
[115.232][cmm] 456 - WARN: NO dns server,not send cfg to SNTP client

[125.960][cmm] 1340 - WARN: Not found DHCPv4.Client object referenced Device.IP.Interface.2.
[138.080][cmm] 1340 - WARN: Not found DHCPv4.Client object referenced Device.IP.Interface.2.
[161.310][cmm] 1340 - WARN: Not found DHCPv4.Client object referenced Device.IP.Interface.2.
[167.036][qoe] 478 - ERROR: interface is empty string!
[178.361][cmm] 456 - WARN: NO dns server,not send cfg to SNTP client

[192.620][cmm] 1340 - WARN: Not found DHCPv4.Client object referenced Device.IP.Interface.2.
sleep 90s!
[206.760][cmm] 1340 - WARN: Not found DHCPv4.Client object referenced Device.IP.Interface.2.
[226.635][qoe] 478 - ERROR: interface is empty string!
[228.980][cmm] 1340 - WARN: Not found DHCPv4.Client object referenced Device.IP.Interface.2.
[241.480][cmm] 456 - WARN: NO dns server,not send cfg to SNTP client

[246.151][cmm] 1340 - WARN: Not found DHCPv4.Client object referenced Device.IP.Interface.2.
[264.331][cmm] 1340 - WARN: Not found DHCPv4.Client object referenced Device.IP.Interface.2.
[284.530][cmm] 1340 - WARN: Not found DHCPv4.Client object referenced Device.IP.Interface.2.
[286.235][qoe] 478 - ERROR: interface is empty string!
sleep 90s!
[287.560][cmm] 1340 - WARN: Not found DHCPv4.Client object referenced Device.IP.Interface.2.
[296.651][cmm] 1340 - WARN: Not found DHCPv4.Client object referenced Device.IP.Interface.2.
[318.870][cmm] 1340 - WARN: Not found DHCPv4.Client object referenced Device.IP.Interface.2.
[320.890][cmm] 1340 - WARN: Not found DHCPv4.Client object referenced Device.IP.Interface.2.
[337.050][cmm] 1340 - WARN: Not found DHCPv4.Client object referenced Device.IP.Interface.2.
[345.835][qoe] 478 - ERROR: interface is empty string!
[350.180][cmm] 1340 - WARN: Not found DHCPv4.Client object referenced Device.IP.Interface.2.
[353.210][cmm] 1340 - WARN: Not found DHCPv4.Client object referenced Device.IP.Interface.2.
[367.350][cmm] 1340 - WARN: Not found DHCPv4.Client object referenced Device.IP.Interface.2.
sleep 90s!
[398.660][cmm] 1340 - WARN: Not found DHCPv4.Client object referenced Device.IP.Interface.2.
[405.435][qoe] 478 - ERROR: interface is empty string!
[416.840][cmm] 1340 - WARN: Not found DHCPv4.Client object referenced Device.IP.Interface.2.
[444.110][cmm] 1340 - WARN: Not found DHCPv4.Client object referenced Device.IP.Interface.2.
[446.130][cmm] 1340 - WARN: Not found DHCPv4.Client object referenced Device.IP.Interface.2.
[463.300][cmm] 1340 - WARN: Not found DHCPv4.Client object referenced Device.IP.Interface.2.
[465.034][qoe] 478 - ERROR: interface is empty string!
sleep 90s!
[491.580][cmm] 1340 - WARN: Not found DHCPv4.Client object referenced Device.IP.Interface.2.
[514.810][cmm] 1340 - WARN: Not found DHCPv4.Client object referenced Device.IP.Interface.2.
[516.830][cmm] 1340 - WARN: Not found DHCPv4.Client object referenced Device.IP.Interface.2.
[524.634][qoe] 478 - ERROR: interface is empty string!
[544.100][cmm] 1340 - WARN: Not found DHCPv4.Client object referenced Device.IP.Interface.2.
[547.130][cmm] 1340 - WARN: Not found DHCPv4.Client object referenced Device.IP.Interface.2.
sleep 90s!
[568.340][cmm] 1340 - WARN: Not found DHCPv4.Client object referenced Device.IP.Interface.2.
[577.430][cmm] 1340 - WARN: Not found DHCPv4.Client object referenced Device.IP.Interface.2.
[584.234][qoe] 478 - ERROR: interface is empty string!
[591.570][cmm] 1340 - WARN: Not found DHCPv4.Client object referenced Device.IP.Interface.2.
[621.870][cmm] 1340 - WARN: Not found DHCPv4.Client object referenced Device.IP.Interface.2.
[641.070][cmm] 1340 - WARN: Not found DHCPv4.Client object referenced Device.IP.Interface.2.
[643.835][qoe] 478 - ERROR: interface is empty string!
sleep 90s!
[668.330][cmm] 1340 - WARN: Not found DHCPv4.Client object referenced Device.IP.Interface.2.
[699.640][cmm] 1340 - WARN: Not found DHCPv4.Client object referenced Device.IP.Interface.2.
[703.434][qoe] 478 - ERROR: interface is empty string!
[714.790][cmm] 1340 - WARN: Not found DHCPv4.Client object referenced Device.IP.Interface.2.
[717.820][cmm] 1340 - WARN: Not found DHCPv4.Client object referenced Device.IP.Interface.2.
sleep 90s!
[741.050][cmm] 1340 - WARN: Not found DHCPv4.Client object referenced Device.IP.Interface.2.
[746.100][cmm] 1340 - WARN: Not found DHCPv4.Client object referenced Device.IP.Interface.2.
[763.034][qoe] 478 - ERROR: interface is empty string!
[771.350][cmm] 1340 - WARN: Not found DHCPv4.Client object referenced Device.IP.Interface.2.
[784.480][cmm] 1340 - WARN: Not found DHCPv4.Client object referenced Device.IP.Interface.2.
[795.590][cmm] 1340 - WARN: Not found DHCPv4.Client object referenced Device.IP.Interface.2.
[815.790][cmm] 1340 - WARN: Not found DHCPv4.Client object referenced Device.IP.Interface.2.
[822.634][qoe] 478 - ERROR: interface is empty string!
sleep 90s!
[828.920][cmm] 1340 - WARN: Not found DHCPv4.Client object referenced Device.IP.Interface.2.